Archive member included because of file (symbol)

k:/electronics/sysgcc/arm-eabi/bin/../lib/gcc/arm-eabi/5.2.0/../../../../arm-eabi/lib/thumb/fpu/cortex_m4\libm.a(lib_a-w_sqrt.o)
                              Debug/matmath.o (sqrt)
k:/electronics/sysgcc/arm-eabi/bin/../lib/gcc/arm-eabi/5.2.0/../../../../arm-eabi/lib/thumb/fpu/cortex_m4\libm.a(lib_a-wf_pow.o)
                              Debug/bmp085.o (powf)
k:/electronics/sysgcc/arm-eabi/bin/../lib/gcc/arm-eabi/5.2.0/../../../../arm-eabi/lib/thumb/fpu/cortex_m4\libm.a(lib_a-e_sqrt.o)
                              k:/electronics/sysgcc/arm-eabi/bin/../lib/gcc/arm-eabi/5.2.0/../../../../arm-eabi/lib/thumb/fpu/cortex_m4\libm.a(lib_a-w_sqrt.o) (__ieee754_sqrt)
k:/electronics/sysgcc/arm-eabi/bin/../lib/gcc/arm-eabi/5.2.0/../../../../arm-eabi/lib/thumb/fpu/cortex_m4\libm.a(lib_a-ef_pow.o)
                              k:/electronics/sysgcc/arm-eabi/bin/../lib/gcc/arm-eabi/5.2.0/../../../../arm-eabi/lib/thumb/fpu/cortex_m4\libm.a(lib_a-wf_pow.o) (__ieee754_powf)
k:/electronics/sysgcc/arm-eabi/bin/../lib/gcc/arm-eabi/5.2.0/../../../../arm-eabi/lib/thumb/fpu/cortex_m4\libm.a(lib_a-ef_sqrt.o)
                              k:/electronics/sysgcc/arm-eabi/bin/../lib/gcc/arm-eabi/5.2.0/../../../../arm-eabi/lib/thumb/fpu/cortex_m4\libm.a(lib_a-ef_pow.o) (__ieee754_sqrtf)
k:/electronics/sysgcc/arm-eabi/bin/../lib/gcc/arm-eabi/5.2.0/../../../../arm-eabi/lib/thumb/fpu/cortex_m4\libm.a(lib_a-s_fpclassify.o)
                              k:/electronics/sysgcc/arm-eabi/bin/../lib/gcc/arm-eabi/5.2.0/../../../../arm-eabi/lib/thumb/fpu/cortex_m4\libm.a(lib_a-w_sqrt.o) (__fpclassifyd)
k:/electronics/sysgcc/arm-eabi/bin/../lib/gcc/arm-eabi/5.2.0/../../../../arm-eabi/lib/thumb/fpu/cortex_m4\libm.a(lib_a-s_lib_ver.o)
                              k:/electronics/sysgcc/arm-eabi/bin/../lib/gcc/arm-eabi/5.2.0/../../../../arm-eabi/lib/thumb/fpu/cortex_m4\libm.a(lib_a-w_sqrt.o) (__fdlib_version)
k:/electronics/sysgcc/arm-eabi/bin/../lib/gcc/arm-eabi/5.2.0/../../../../arm-eabi/lib/thumb/fpu/cortex_m4\libm.a(lib_a-s_matherr.o)
                              k:/electronics/sysgcc/arm-eabi/bin/../lib/gcc/arm-eabi/5.2.0/../../../../arm-eabi/lib/thumb/fpu/cortex_m4\libm.a(lib_a-w_sqrt.o) (matherr)
k:/electronics/sysgcc/arm-eabi/bin/../lib/gcc/arm-eabi/5.2.0/../../../../arm-eabi/lib/thumb/fpu/cortex_m4\libm.a(lib_a-s_rint.o)
                              k:/electronics/sysgcc/arm-eabi/bin/../lib/gcc/arm-eabi/5.2.0/../../../../arm-eabi/lib/thumb/fpu/cortex_m4\libm.a(lib_a-wf_pow.o) (rint)
k:/electronics/sysgcc/arm-eabi/bin/../lib/gcc/arm-eabi/5.2.0/../../../../arm-eabi/lib/thumb/fpu/cortex_m4\libm.a(lib_a-sf_fabs.o)
                              k:/electronics/sysgcc/arm-eabi/bin/../lib/gcc/arm-eabi/5.2.0/../../../../arm-eabi/lib/thumb/fpu/cortex_m4\libm.a(lib_a-ef_pow.o) (fabsf)
k:/electronics/sysgcc/arm-eabi/bin/../lib/gcc/arm-eabi/5.2.0/../../../../arm-eabi/lib/thumb/fpu/cortex_m4\libm.a(lib_a-sf_finite.o)
                              k:/electronics/sysgcc/arm-eabi/bin/../lib/gcc/arm-eabi/5.2.0/../../../../arm-eabi/lib/thumb/fpu/cortex_m4\libm.a(lib_a-wf_pow.o) (finitef)
k:/electronics/sysgcc/arm-eabi/bin/../lib/gcc/arm-eabi/5.2.0/../../../../arm-eabi/lib/thumb/fpu/cortex_m4\libm.a(lib_a-sf_fpclassify.o)
                              k:/electronics/sysgcc/arm-eabi/bin/../lib/gcc/arm-eabi/5.2.0/../../../../arm-eabi/lib/thumb/fpu/cortex_m4\libm.a(lib_a-wf_pow.o) (__fpclassifyf)
k:/electronics/sysgcc/arm-eabi/bin/../lib/gcc/arm-eabi/5.2.0/../../../../arm-eabi/lib/thumb/fpu/cortex_m4\libm.a(lib_a-sf_nan.o)
                              k:/electronics/sysgcc/arm-eabi/bin/../lib/gcc/arm-eabi/5.2.0/../../../../arm-eabi/lib/thumb/fpu/cortex_m4\libm.a(lib_a-ef_pow.o) (nanf)
k:/electronics/sysgcc/arm-eabi/bin/../lib/gcc/arm-eabi/5.2.0/../../../../arm-eabi/lib/thumb/fpu/cortex_m4\libm.a(lib_a-sf_scalbn.o)
                              k:/electronics/sysgcc/arm-eabi/bin/../lib/gcc/arm-eabi/5.2.0/../../../../arm-eabi/lib/thumb/fpu/cortex_m4\libm.a(lib_a-ef_pow.o) (scalbnf)
k:/electronics/sysgcc/arm-eabi/bin/../lib/gcc/arm-eabi/5.2.0/../../../../arm-eabi/lib/thumb/fpu/cortex_m4\libm.a(lib_a-sf_copysign.o)
                              k:/electronics/sysgcc/arm-eabi/bin/../lib/gcc/arm-eabi/5.2.0/../../../../arm-eabi/lib/thumb/fpu/cortex_m4\libm.a(lib_a-sf_scalbn.o) (copysignf)
k:/electronics/sysgcc/arm-eabi/bin/../lib/gcc/arm-eabi/5.2.0/thumb/fpu/cortex_m4\libgcc.a(_arm_addsubdf3.o)
                              Debug/matmath.o (__aeabi_dsub)
k:/electronics/sysgcc/arm-eabi/bin/../lib/gcc/arm-eabi/5.2.0/thumb/fpu/cortex_m4\libgcc.a(_arm_muldivdf3.o)
                              Debug/matmath.o (__aeabi_dmul)
k:/electronics/sysgcc/arm-eabi/bin/../lib/gcc/arm-eabi/5.2.0/thumb/fpu/cortex_m4\libgcc.a(_arm_cmpdf2.o)
                              Debug/matmath.o (__aeabi_dcmpeq)
k:/electronics/sysgcc/arm-eabi/bin/../lib/gcc/arm-eabi/5.2.0/thumb/fpu/cortex_m4\libgcc.a(_arm_fixdfsi.o)
[...]
Memory Configuration

Name             Origin             Length             Attributes
FLASH            0x08000000         0x00100000         xr
SRAM             0x20000000         0x00020000         xrw
CCMRAM           0x10000000         0x00010000         xrw
*default*        0x00000000         0xffffffff

Linker script and memory map

START GROUP
LOAD Debug/asinf.o
LOAD Debug/matmath.o
LOAD Debug/memory_mgmt.o
LOAD Debug/twb_common.o
LOAD Debug/twb_debug.o
LOAD Debug/twb_i2c.o
LOAD Debug/twb_i2c_stm32f4.o
LOAD Debug/twb_leds.o
LOAD Debug/twb_math.o
LOAD Debug/twb_serial_eeprom.o
LOAD Debug/twb_strings.o
LOAD Debug/twb_timer.o
LOAD Debug/commo.o
LOAD Debug/msg_parser.o
LOAD Debug/twb_usb.o
LOAD Debug/usbd_cdc_core.o
LOAD Debug/usbd_core.o
LOAD Debug/usbd_desc.o
LOAD Debug/usbd_ioreq.o
LOAD Debug/usbd_req.o
LOAD Debug/usbd_usr.o
LOAD Debug/usb_bsp.o
LOAD Debug/usb_core.o
LOAD Debug/usb_core_cfg.o
LOAD Debug/usb_core_ep.o
LOAD Debug/usb_core_int.o
LOAD Debug/usb_core_io.o
LOAD Debug/usb_dcd.o
LOAD Debug/usb_dcd_int.o
LOAD Debug/wifi.o
LOAD Debug/Median.o
LOAD Debug/autopilot.o
LOAD Debug/ctrl_loop.o
LOAD Debug/ctrl_loop_commo.o
LOAD Debug/ctrl_loop_pid.o
LOAD Debug/pid.o
LOAD Debug/pwm_capture.o
LOAD Debug/pwm_source.o
LOAD Debug/main.o
LOAD Debug/nivek_system.o
LOAD Debug/adxl345.o
LOAD Debug/bmp085.o
LOAD Debug/complementary.o
LOAD Debug/kalman.o
LOAD Debug/kalman_calc.o
LOAD Debug/gps.o
LOAD Debug/hmc5883.o
LOAD Debug/itg3200.o
LOAD Debug/l3g20.o
LOAD Debug/lipo_adc.o
LOAD Debug/lsm303_acc.o
LOAD Debug/lsm303_mag.o
LOAD Debug/mpu60x0_acc.o
LOAD Debug/mpu60x0_gryo.o
LOAD Debug/ms5611.o
LOAD Debug/snsr_actions.o
LOAD Debug/snsr_commo.o
LOAD Debug/snsr_main.o
LOAD Debug/snsr_mgmt.o
LOAD Debug/snsr_zero.o
LOAD Debug/sonar.o
LOAD Debug/stm32f4xx_it.o
LOAD Debug/cli.o
LOAD Debug/system_stm32f4xx.o
LOAD Debug/twb_config.o
LOAD Debug/misc.o
LOAD Debug/stm32f4xx_adc.o
LOAD Debug/stm32f4xx_dma.o
LOAD Debug/stm32f4xx_exti.o
LOAD Debug/stm32f4xx_gpio.o
LOAD Debug/stm32f4xx_i2c.o
LOAD Debug/stm32f4xx_rcc.o
LOAD Debug/stm32f4xx_syscfg.o
LOAD Debug/stm32f4xx_tim.o
LOAD Debug/stm32f4xx_usart.o
LOAD Debug/startup_stm32f4xx.o
END GROUP
LOAD k:/electronics/sysgcc/arm-eabi/bin/../lib/gcc/arm-eabi/5.2.0/../../../../arm-eabi/lib/thumb/fpu/cortex_m4\libstdc++.a
LOAD k:/electronics/sysgcc/arm-eabi/bin/../lib/gcc/arm-eabi/5.2.0/../../../../arm-eabi/lib/thumb/fpu/cortex_m4\libm.a
START GROUP
LOAD k:/electronics/sysgcc/arm-eabi/bin/../lib/gcc/arm-eabi/5.2.0/thumb/fpu/cortex_m4\libgcc.a
LOAD k:/electronics/sysgcc/arm-eabi/bin/../lib/gcc/arm-eabi/5.2.0/../../../../arm-eabi/lib/thumb/fpu/cortex_m4\libc.a
END GROUP
                0x20020000                _estack = 0x20020000

.isr_vector     0x08000000      0x188
                0x08000000                . = ALIGN (0x4)
 *(.isr_vector)
 .isr_vector    0x08000000      0x188 Debug/startup_stm32f4xx.o
                0x08000000                g_pfnVectors
                0x08000188                . = ALIGN (0x4)

.text           0x080001a0    0x21f40
                0x080001a0                . = ALIGN (0x4)
                0x080001a0                _stext = .
 *(.text)
 .text          0x080001a0      0x354 k:/electronics/sysgcc/arm-eabi/bin/../lib/gcc/arm-eabi/5.2.0/../../../../arm-eabi/lib/thumb/fpu/cortex_m4\libm.a(lib_a-wf_pow.o)
                0x080001a0                powf
 .text          0x080004f4      0x5fc k:/electronics/sysgcc/arm-eabi/bin/../lib/gcc/arm-eabi/5.2.0/../../../../arm-eabi/lib/thumb/fpu/cortex_m4\libm.a(lib_a-ef_pow.o)
                0x080004f4                __ieee754_powf
 .text          0x08000af0       0xa4 k:/electronics/sysgcc/arm-eabi/bin/../lib/gcc/arm-eabi/5.2.0/../../../../arm-eabi/lib/thumb/fpu/cortex_m4\libm.a(lib_a-ef_sqrt.o)
                0x08000af0                __ieee754_sqrtf
 .text          0x08000b94        0x4 k:/electronics/sysgcc/arm-eabi/bin/../lib/gcc/arm-eabi/5.2.0/../../../../arm-eabi/lib/thumb/fpu/cortex_m4\libm.a(lib_a-s_matherr.o)
                0x08000b94                matherr
 .text          0x08000b98      0x128 k:/electronics/sysgcc/arm-eabi/bin/../lib/gcc/arm-eabi/5.2.0/../../../../arm-eabi/lib/thumb/fpu/cortex_m4\libm.a(lib_a-s_rint.o)
                0x08000b98                rint
 .text          0x08000cc0       0x10 k:/electronics/sysgcc/arm-eabi/bin/../lib/gcc/arm-eabi/5.2.0/../../../../arm-eabi/lib/thumb/fpu/cortex_m4\libm.a(lib_a-sf_fabs.o)
                0x08000cc0                fabsf
 .text          0x08000cd0       0x14 k:/electronics/sysgcc/arm-eabi/bin/../lib/gcc/arm-eabi/5.2.0/../../../../arm-eabi/lib/thumb/fpu/cortex_m4\libm.a(lib_a-sf_finite.o)
                0x08000cd0                finitef
 .text          0x08000ce4       0x38 k:/electronics/sysgcc/arm-eabi/bin/../lib/gcc/arm-eabi/5.2.0/../../../../arm-eabi/lib/thumb/fpu/cortex_m4\libm.a(lib_a-sf_fpclassify.o)
                0x08000ce4                __fpclassifyf
 .text          0x08000d1c        0xc k:/electronics/sysgcc/arm-eabi/bin/../lib/gcc/arm-eabi/5.2.0/../../../../arm-eabi/lib/thumb/fpu/cortex_m4\libm.a(lib_a-sf_nan.o)
                0x08000d1c                nanf
 .text          0x08000d28       0xd0 k:/electronics/sysgcc/arm-eabi/bin/../lib/gcc/arm-eabi/5.2.0/../../../../arm-eabi/lib/thumb/fpu/cortex_m4\libm.a(lib_a-sf_scalbn.o)
                0x08000d28                scalbnf
 .text          0x08000df8       0x18 k:/electronics/sysgcc/arm-eabi/bin/../lib/gcc/arm-eabi/5.2.0/../../../../arm-eabi/lib/thumb/fpu/cortex_m4\libm.a(lib_a-sf_copysign.o)
                0x08000df8                copysignf
 .text          0x08000e10      0x370 k:/electronics/sysgcc/arm-eabi/bin/../lib/gcc/arm-eabi/5.2.0/thumb/fpu/cortex_m4\libgcc.a(_arm_addsubdf3.o)
                0x08000e10                __aeabi_drsub
                0x08000e18                __aeabi_dsub
                0x08000e18                __subdf3
                0x08000e1c                __aeabi_dadd
                0x08000e1c                __adddf3
                0x08001094                __floatunsidf
                0x08001094                __aeabi_ui2d
                0x080010b4                __floatsidf
                0x080010b4                __aeabi_i2d
                0x080010d8                __aeabi_f2d
                0x080010d8                __extendsfdf2
                0x08001114                __floatundidf
                0x08001114                __aeabi_ul2d
                0x08001124                __floatdidf
                0x08001124                __aeabi_l2d
 .text          0x08001180      0x424 k:/electronics/sysgcc/arm-eabi/bin/../lib/gcc/arm-eabi/5.2.0/thumb/fpu/cortex_m4\libgcc.a(_arm_muldivdf3.o)
                0x08001180                __aeabi_dmul
                0x08001180                __muldf3
                0x080013d4                __divdf3
                0x080013d4                __aeabi_ddiv
 .text          0x080015a4      0x110 k:/electronics/sysgcc/arm-eabi/bin/../lib/gcc/arm-eabi/5.2.0/thumb/fpu/cortex_m4\libgcc.a(_arm_cmpdf2.o)
                0x080015a4                __gtdf2
                0x080015a4                __gedf2
                0x080015ac                __ltdf2
                0x080015ac                __ledf2
                0x080015b4                __nedf2
                0x080015b4                __eqdf2
                0x080015b4                __cmpdf2
                0x08001630                __aeabi_cdrcmple
                0x08001640                __aeabi_cdcmpeq
                0x08001640                __aeabi_cdcmple
                0x08001650                __aeabi_dcmpeq
                0x08001664                __aeabi_dcmplt
                0x08001678                __aeabi_dcmple
                0x0800168c                __aeabi_dcmpge
                0x080016a0                __aeabi_dcmpgt
 .text          0x080016b4       0xa0 k:/electronics/sysgcc/arm-eabi/bin/../lib/gcc/arm-eabi/5.2.0/thumb/fpu/cortex_m4\libgcc.a(_arm_truncdfsf2.o)
                0x080016b4                __truncdfsf2
                0x080016b4                __aeabi_d2f
 .text          0x08001754      0x21c k:/electronics/sysgcc/arm-eabi/bin/../lib/gcc/arm-eabi/5.2.0/thumb/fpu/cortex_m4\libgcc.a(_arm_addsubsf3.o)
                0x08001754                __aeabi_frsub
                0x0800175c                __subsf3
                0x0800175c                __aeabi_fsub
                0x08001760                __aeabi_fadd
                0x08001760                __addsf3
                0x080018c0                __aeabi_ui2f
                0x080018c0                __floatunsisf
                0x080018c8                __aeabi_i2f
                0x080018c8                __floatsisf
                0x080018e4                __aeabi_ul2f
                0x080018e4                __floatundisf
                0x080018f4                __aeabi_l2f
                0x080018f4                __floatdisf
 .text          0x08001970       0x10 k:/electronics/sysgcc/arm-eabi/bin/../lib/gcc/arm-eabi/5.2.0/../../../../arm-eabi/lib/thumb/fpu/cortex_m4\libc.a(lib_a-atoi.o)
                0x08001970                atoi
                0x08001978                _atoi_r
 .text          0x08001980      0x134 k:/electronics/sysgcc/arm-eabi/bin/../lib/gcc/arm-eabi/5.2.0/../../../../arm-eabi/lib/thumb/fpu/cortex_m4\libc.a(lib_a-memcpy.o)
                0x08001980                memcpy
 .text          0x08001ab4       0x9c k:/electronics/sysgcc/arm-eabi/bin/../lib/gcc/arm-eabi/5.2.0/../../../../arm-eabi/lib/thumb/fpu/cortex_m4\libc.a(lib_a-memset.o)
                0x08001ab4                memset
 *fill*         0x08001b50       0x10 
 .text          0x08001b60      0x2dc k:/electronics/sysgcc/arm-eabi/bin/../lib/gcc/arm-eabi/5.2.0/../../../../arm-eabi/lib/thumb/fpu/cortex_m4\libc.a(lib_a-strcmp.o)
                0x08001b68                strcmp
 .text          0x08001e3c       0xbc k:/electronics/sysgcc/arm-eabi/bin/../lib/gcc/arm-eabi/5.2.0/../../../../arm-eabi/lib/thumb/fpu/cortex_m4\libc.a(lib_a-strcpy.o)
                0x08001e3c                strcpy
 .text          0x08001ef8       0x5c k:/electronics/sysgcc/arm-eabi/bin/../lib/gcc/arm-eabi/5.2.0/../../../../arm-eabi/lib/thumb/fpu/cortex_m4\libc.a(lib_a-strlen.o)
                0x08001ef8                strlen
 .text          0x08001f54       0xa0 k:/electronics/sysgcc/arm-eabi/bin/../lib/gcc/arm-eabi/5.2.0/../../../../arm-eabi/lib/thumb/fpu/cortex_m4\libc.a(lib_a-strncmp.o)
                0x08001f54                strncmp
 .text          0x08001ff4       0x68 k:/electronics/sysgcc/arm-eabi/bin/../lib/gcc/arm-eabi/5.2.0/../../../../arm-eabi/lib/thumb/fpu/cortex_m4\libc.a(lib_a-strncpy.o)
                0x08001ff4                strncpy
 .text          0x0800205c      0x140 k:/electronics/sysgcc/arm-eabi/bin/../lib/gcc/arm-eabi/5.2.0/../../../../arm-eabi/lib/thumb/fpu/cortex_m4\libc.a(lib_a-strtol.o)
                0x0800205c                _strtol_r
                0x08002184                strtol
 *(.text*)
 .text.__twb_math_asinfTbl
                0x0800219c       0x60 Debug/asinf.o
                0x0800219c                __twb_math_asinfTbl
 .text.twb_asinf
                0x080021fc      0x1c0 Debug/asinf.o
                0x080021fc                twb_asinf
 .text.pm_malloc
                0x080023bc       0x64 Debug/memory_mgmt.o
                0x080023bc                pm_malloc
 .text.pm_printHeapSize
                0x08002420       0x1c Debug/memory_mgmt.o
                0x08002420                pm_printHeapSize
 .text.TWB_Debug_TimerStart
                0x0800243c       0x18 Debug/twb_debug.o
                0x0800243c                TWB_Debug_TimerStart
 .text.TWB_Debug_TimerEnd
                0x08002454       0x18 Debug/twb_debug.o
                0x08002454                TWB_Debug_TimerEnd
 .text.TWB_Debug_HandleTXE
                0x0800246c       0x84 Debug/twb_debug.o
                0x0800246c                TWB_Debug_HandleTXE
 .text.TWB_Debug_AddCh
                0x080024f0       0x2c Debug/twb_debug.o
                0x080024f0                TWB_Debug_AddCh
 .text.__debug_addCh
                0x0800251c       0x5c Debug/twb_debug.o
                0x0800251c                __debug_addCh
 .text.__debug_SendOverUART
                0x08002578       0x40 Debug/twb_debug.o
                0x08002578                __debug_SendOverUART
 .text.TWB_Debug_SetShouldForwardDebugOverUSB
                0x080025b8       0x2c Debug/twb_debug.o
                0x080025b8                TWB_Debug_SetShouldForwardDebugOverUSB
 .text.TWB_Debug_Print
                0x080025e4       0x34 Debug/twb_debug.o
                0x080025e4                TWB_Debug_Print
 .text.TWB_Debug_PrintInt
                0x08002618       0x38 Debug/twb_debug.o
                0x08002618                TWB_Debug_PrintInt
 .text.TWB_Debug_Print2Int
                0x08002650       0x58 Debug/twb_debug.o
                0x08002650                TWB_Debug_Print2Int
 .text.TWB_Debug_PrintHexString
                0x080026a8       0x50 Debug/twb_debug.o
                0x080026a8                TWB_Debug_PrintHexString
 .text.__twb_debug_setBaudRate
                0x080026f8       0x40 Debug/twb_debug.o
                0x080026f8                __twb_debug_setBaudRate
 .text.__twb_debug_sendStringSync
                0x08002738       0x38 Debug/twb_debug.o
                0x08002738                __twb_debug_sendStringSync
 .text.TWB_Debug_Init
                0x08002770      0x148 Debug/twb_debug.o
                0x08002770                TWB_Debug_Init
 .text.TWB_Debug_ReadDefaults
                0x080028b8       0x14 Debug/twb_debug.o
                0x080028b8                TWB_Debug_ReadDefaults
 .text.TWB_I2C_WriteBuffer
                0x080028cc       0x58 Debug/twb_i2c.o
                0x080028cc                TWB_I2C_WriteBuffer
 .text.TWB_I2C_WriteReadBuffer
                0x08002924       0x64 Debug/twb_i2c.o
                0x08002924                TWB_I2C_WriteReadBuffer
 .text.TWB_I2C_ReadRegisterValue
                0x08002988       0x80 Debug/twb_i2c.o
                0x08002988                TWB_I2C_ReadRegisterValue
 .text.TWB_I2C_ReadU16RegisterValue
                0x08002a08       0x90 Debug/twb_i2c.o
                0x08002a08                TWB_I2C_ReadU16RegisterValue
 .text.TWB_I2C_WriteRegister
                0x08002a98       0x6c Debug/twb_i2c.o
                0x08002a98                TWB_I2C_WriteRegister
 .text.TWB_I2C_ReadRegisterValues
                0x08002b04       0x74 Debug/twb_i2c.o
                0x08002b04                TWB_I2C_ReadRegisterValues
 .text.TWB_I2C_SendU8
                0x08002b78       0x68 Debug/twb_i2c.o
                0x08002b78                TWB_I2C_SendU8
 .text.__i2c_EnableInterrupts
                0x08002be0       0x64 Debug/twb_i2c_stm32f4.o
                0x08002be0                __i2c_EnableInterrupts
 .text.__twb_i2c_pauseBetweenTxAndRx
                0x08002c44       0x24 Debug/twb_i2c_stm32f4.o
                0x08002c44                __twb_i2c_pauseBetweenTxAndRx
 .text.__twb_i2c_startNextJob
                0x08002c68       0xd0 Debug/twb_i2c_stm32f4.o
                0x08002c68                __twb_i2c_startNextJob
 .text.__twb_i2c_startNextJobIfNecessary
                0x08002d38       0x30 Debug/twb_i2c_stm32f4.o
                0x08002d38                __twb_i2c_startNextJobIfNecessary
 .text.__twb_i2c_completeJob
                0x08002d68       0xd0 Debug/twb_i2c_stm32f4.o
                0x08002d68                __twb_i2c_completeJob
 .text.__twb_i2c_switchToReceiveMode
                0x08002e38       0x54 Debug/twb_i2c_stm32f4.o
                0x08002e38                __twb_i2c_switchToReceiveMode
 .text.__twb_i2c_SetAckFlag
                0x08002e8c       0x38 Debug/twb_i2c_stm32f4.o
                0x08002e8c                __twb_i2c_SetAckFlag
 .text.__twb_i2c_SendAddress
                0x08002ec4       0x70 Debug/twb_i2c_stm32f4.o
                0x08002ec4                __twb_i2c_SendAddress
 .text.I2C1_EV_IRQHandler
                0x08002f34      0x21c Debug/twb_i2c_stm32f4.o
                0x08002f34                I2C1_EV_IRQHandler
 .text.TWB_I2C_WatchdogExpired
                0x08003150       0x48 Debug/twb_i2c_stm32f4.o
                0x08003150                TWB_I2C_WatchdogExpired
 .text.I2C1_ER_IRQHandler
                0x08003198       0xa0 Debug/twb_i2c_stm32f4.o
                0x08003198                I2C1_ER_IRQHandler
 .text.TWB_I2C_Init
                0x08003238       0xe4 Debug/twb_i2c_stm32f4.o
                0x08003238                TWB_I2C_Init
 .text.isDone   0x0800331c       0x34 Debug/twb_i2c_stm32f4.o
                0x0800331c                isDone
 .text.__twb_i2c_waitUntilDone
                0x08003350       0x2c Debug/twb_i2c_stm32f4.o
                0x08003350                __twb_i2c_waitUntilDone
 .text.TWB_I2C_QueueAsyncJob
                0x0800337c       0x84 Debug/twb_i2c_stm32f4.o
                0x0800337c                TWB_I2C_QueueAsyncJob
 .text.TWB_I2C_ProcessJobSynchronously
                0x08003400       0x38 Debug/twb_i2c_stm32f4.o
                0x08003400                TWB_I2C_ProcessJobSynchronously
 .text.TWB_LEDS_Init
                0x08003438      0x188 Debug/twb_leds.o
                0x08003438                TWB_LEDS_Init
 .text.TWB_LEDS_UpdateFastBlink
                0x080035c0       0xcc Debug/twb_leds.o
                0x080035c0                TWB_LEDS_UpdateFastBlink
 .text.TWB_LEDS_UpdateSlowBlink
                0x0800368c       0xcc Debug/twb_leds.o
                0x0800368c                TWB_LEDS_UpdateSlowBlink
 .text.TWB_LEDS_SetState
                0x08003758       0x90 Debug/twb_leds.o
                0x08003758                TWB_LEDS_SetState
 .text.twb_clampf
                0x080037e8       0x48 Debug/twb_math.o
                0x080037e8                twb_clampf
 .text.toRadians
                0x08003830       0x20 Debug/twb_math.o
                0x08003830                toRadians
 .text.toDegrees
                0x08003850       0x20 Debug/twb_math.o
                0x08003850                toDegrees
 .text.TWB_MATH_LimitOneToMinusOne
                0x08003870       0x48 Debug/twb_math.o
                0x08003870                TWB_MATH_LimitOneToMinusOne
 .text.twb_sinf
                0x080038b8      0x19c Debug/twb_math.o
                0x080038b8                twb_sinf
 .text.twb_cosf
                0x08003a54      0x1dc Debug/twb_math.o
                0x08003a54                twb_cosf
 .text.twb_atan2f
                0x08003c30      0x130 Debug/twb_math.o
                0x08003c30                twb_atan2f
 .text.TWB_SE_ReadBuffer
                0x08003d60       0x68 Debug/twb_serial_eeprom.o
                0x08003d60                TWB_SE_ReadBuffer
 .text.TWB_SE_ReadU8
                0x08003dc8       0x68 Debug/twb_serial_eeprom.o
                0x08003dc8                TWB_SE_ReadU8
 .text.TWB_SE_ReadU16
                0x08003e30       0x78 Debug/twb_serial_eeprom.o
                0x08003e30                TWB_SE_ReadU16
 .text.TWB_SE_ReadU32
                0x08003ea8       0x84 Debug/twb_serial_eeprom.o
                0x08003ea8                TWB_SE_ReadU32
 .text.TWB_SE_WriteU8
                0x08003f2c       0x4c Debug/twb_serial_eeprom.o
                0x08003f2c                TWB_SE_WriteU8
 .text.TWB_SE_WriteU8Pause
                0x08003f78       0x64 Debug/twb_serial_eeprom.o
                0x08003f78                TWB_SE_WriteU8Pause
 .text.TWB_SE_WriteS8Pause
                0x08003fdc       0x64 Debug/twb_serial_eeprom.o
                0x08003fdc                TWB_SE_WriteS8Pause
 .text.TWB_SE_WriteU16
                0x08004040       0x5c Debug/twb_serial_eeprom.o
                0x08004040                TWB_SE_WriteU16
 .text.TWB_SE_WriteU16Pause
                0x0800409c       0x74 Debug/twb_serial_eeprom.o
                0x0800409c                TWB_SE_WriteU16Pause
 .text.TWB_SE_WriteU32
                0x08004110       0x64 Debug/twb_serial_eeprom.o
                0x08004110                TWB_SE_WriteU32
 .text.TWB_SE_WriteU32Pause
                0x08004174       0x7c Debug/twb_serial_eeprom.o
                0x08004174                TWB_SE_WriteU32Pause
 .text.TWB_SE_WriteBuffer
                0x080041f0       0x90 Debug/twb_serial_eeprom.o
                0x080041f0                TWB_SE_WriteBuffer
 .text.TWB_SE_WriteBufferPause
                0x08004280       0x44 Debug/twb_serial_eeprom.o
                0x08004280                TWB_SE_WriteBufferPause
 .text.TWB_SE_ReadS8
                0x080042c4       0x24 Debug/twb_serial_eeprom.o
                0x080042c4                TWB_SE_ReadS8
 .text.TWB_SE_ReadS16
                0x080042e8       0x24 Debug/twb_serial_eeprom.o
                0x080042e8                TWB_SE_ReadS16
 .text.TWB_SE_ReadS32
                0x0800430c       0x24 Debug/twb_serial_eeprom.o
                0x0800430c                TWB_SE_ReadS32
 .text.TWB_SE_WriteS8
                0x08004330       0x2c Debug/twb_serial_eeprom.o
                0x08004330                TWB_SE_WriteS8
 .text.TWB_SE_WriteS16
                0x0800435c       0x2c Debug/twb_serial_eeprom.o
                0x0800435c                TWB_SE_WriteS16
 .text.TWB_SE_WriteS16Pause
                0x08004388       0x2c Debug/twb_serial_eeprom.o
                0x08004388                TWB_SE_WriteS16Pause
 .text.TWB_SE_WriteS32Pause
                0x080043b4       0x24 Debug/twb_serial_eeprom.o
                0x080043b4                TWB_SE_WriteS32Pause
 .text.TWB_SE_QueueAsyncWrite
                0x080043d8       0x1c Debug/twb_serial_eeprom.o
                0x080043d8                TWB_SE_QueueAsyncWrite
 .text.twb_strreverse
                0x080043f4       0x38 Debug/twb_strings.o
                0x080043f4                twb_strreverse
 .text.twb_itoa
                0x0800442c       0xa0 Debug/twb_strings.o
                0x0800442c                twb_itoa
 .text.__createTimer
                0x080044cc       0xa4 Debug/twb_timer.o
                0x080044cc                __createTimer
 .text.TWB_Timer_GetMSFromSampleRate
                0x08004570       0x8c Debug/twb_timer.o
                0x08004570                TWB_Timer_GetMSFromSampleRate
 .text.TWB_Timer_CreateTimers
                0x080045fc      0x2c4 Debug/twb_timer.o
                0x080045fc                TWB_Timer_CreateTimers
 .text.TWB_Timer_Enable
                0x080048c0       0x28 Debug/twb_timer.o
                0x080048c0                TWB_Timer_Enable
 .text.TWB_Timer_Disable
                0x080048e8       0x10 Debug/twb_timer.o
                0x080048e8                TWB_Timer_Disable
 .text.TWB_Timer_Reset
                0x080048f8       0x20 Debug/twb_timer.o
                0x080048f8                TWB_Timer_Reset
 .text.TWB_Timer_Scan
                0x08004918       0x58 Debug/twb_timer.o
                0x08004918                TWB_Timer_Scan
 .text.SysTick_Handler
                0x08004970       0x58 Debug/twb_timer.o
                0x08004970                SysTick_Handler
 .text.TWB_Timer_SleepMS
                0x080049c8       0x24 Debug/twb_timer.o
                0x080049c8                TWB_Timer_SleepMS
 .text.__commo_MsgBegin
                0x080049ec       0x18 Debug/commo.o
                0x080049ec                __commo_MsgBegin
 .text.__commo_MsgCommit
                0x08004a04       0x7c Debug/commo.o
                0x08004a04                __commo_MsgCommit
 .text.TWB_Commo_Init
                0x08004a80       0x7c Debug/commo.o
                0x08004a80                TWB_Commo_Init
 .text.TWB_Commo_ProcessOutgoingMessages
                0x08004afc       0x60 Debug/commo.o
                0x08004afc                TWB_Commo_ProcessOutgoingMessages
 .text.TWB_Commo_ProcessIncomingMessages
                0x08004b5c      0x118 Debug/commo.o
                0x08004b5c                TWB_Commo_ProcessIncomingMessages
 .text.TWB_Commo_SendMessage
                0x08004c74       0x98 Debug/commo.o
                0x08004c74                TWB_Commo_SendMessage
 .text.TWB_Main_WiFiSendExpired
                0x08004d0c       0x1c Debug/commo.o
                0x08004d0c                TWB_Main_WiFiSendExpired
 .text.TWB_Main_WIFiReceiveExpired
                0x08004d28       0x64 Debug/commo.o
                0x08004d28                TWB_Main_WIFiReceiveExpired
 .text.TWB_Commo_SendNak
                0x08004d8c       0x38 Debug/msg_parser.o
                0x08004d8c                TWB_Commo_SendNak
 .text.TWB_MsgParser_HandleRX_Overrun
                0x08004dc4       0x28 Debug/msg_parser.o
                0x08004dc4                TWB_MsgParser_HandleRX_Overrun
 .text.TWB_MsgParser_HandleTXE
                0x08004dec      0x3c0 Debug/msg_parser.o
                0x08004dec                TWB_MsgParser_HandleTXE
 .text.TWB_MsgParser_HandleRX
                0x080051ac      0x4f8 Debug/msg_parser.o
                0x080051ac                TWB_MsgParser_HandleRX
 .text.__usbd_cdc_createBuffer
                0x080056a4       0x4c Debug/twb_usb.o
                0x080056a4                __usbd_cdc_createBuffer
 .text.TWB_USB_Init
                0x080056f0       0x64 Debug/twb_usb.o
                0x080056f0                TWB_USB_Init
 .text.OTG_FS_IRQHandler
                0x08005754       0x10 Debug/twb_usb.o
                0x08005754                OTG_FS_IRQHandler
 .text.TWB_USB_Handle_ConsoleIn
                0x08005764       0x68 Debug/twb_usb.o
                0x08005764                TWB_USB_Handle_ConsoleIn
 .text.TWB_USB_Handle_TelemetryIn
                0x080057cc       0x60 Debug/twb_usb.o
                0x080057cc                TWB_USB_Handle_TelemetryIn
 .text.usbd_cdc_Init
                0x0800582c       0xd8 Debug/usbd_cdc_core.o
                0x0800582c                usbd_cdc_Init
 .text.usbd_cdc_DeInit
                0x08005904       0x48 Debug/usbd_cdc_core.o
                0x08005904                usbd_cdc_DeInit
 .text.usbd_cdc_Setup
                0x0800594c      0x15c Debug/usbd_cdc_core.o
                0x0800594c                usbd_cdc_Setup
 .text.usbd_cdc_EP0_RxReady
                0x08005aa8       0x20 Debug/usbd_cdc_core.o
                0x08005aa8                usbd_cdc_EP0_RxReady
 .text.usbd_cdc_DataIn
                0x08005ac8      0x11c Debug/usbd_cdc_core.o
                0x08005ac8                usbd_cdc_DataIn
 .text.usbd_cdc_DataOut
                0x08005be4       0xa4 Debug/usbd_cdc_core.o
                0x08005be4                usbd_cdc_DataOut
 .text.usbd_cdc_SOF
                0x08005c88       0x4c Debug/usbd_cdc_core.o
                0x08005c88                usbd_cdc_SOF
 .text.Handle_USBAsynchXfer
                0x08005cd4      0x154 Debug/usbd_cdc_core.o
 .text.USBD_cdc_GetCfgDesc
                0x08005e28       0x1c Debug/usbd_cdc_core.o
 .text.usbd_cdc_iso_in_incomplete
                0x08005e44        0xc Debug/usbd_cdc_core.o
                0x08005e44                usbd_cdc_iso_in_incomplete
 .text.usbd_cdc_iso_out_incomplete
                0x08005e50        0xc Debug/usbd_cdc_core.o
                0x08005e50                usbd_cdc_iso_out_incomplete
 .text.USBD_Init
                0x08005e5c       0x58 Debug/usbd_core.o
                0x08005e5c                USBD_Init
 .text.USBD_DeInit
                0x08005eb4        0xc Debug/usbd_core.o
                0x08005eb4                USBD_DeInit
 .text.USBD_SetupStage
                0x08005ec0       0xa8 Debug/usbd_core.o
                0x08005ec0                USBD_SetupStage
 .text.USBD_DataOutStage
                0x08005f68       0xd0 Debug/usbd_core.o
                0x08005f68                USBD_DataOutStage
 .text.USBD_DataInStage
                0x08006038      0x114 Debug/usbd_core.o
                0x08006038                USBD_DataInStage
 .text.USBD_Reset
                0x0800614c       0x4c Debug/usbd_core.o
                0x0800614c                USBD_Reset
 .text.USBD_Resume
                0x08006198       0x24 Debug/usbd_core.o
                0x08006198                USBD_Resume
 .text.USBD_Suspend
                0x080061bc       0x24 Debug/usbd_core.o
                0x080061bc                USBD_Suspend
 .text.USBD_SOF
                0x080061e0       0x28 Debug/usbd_core.o
                0x080061e0                USBD_SOF
 .text.USBD_SetCfg
                0x08006208       0x34 Debug/usbd_core.o
                0x08006208                USBD_SetCfg
 .text.USBD_ClrCfg
                0x0800623c       0x28 Debug/usbd_core.o
                0x0800623c                USBD_ClrCfg
 .text.USBD_IsoINIncomplete
                0x08006264       0x1c Debug/usbd_core.o
                0x08006264                USBD_IsoINIncomplete
 .text.USBD_IsoOUTIncomplete
                0x08006280       0x1c Debug/usbd_core.o
                0x08006280                USBD_IsoOUTIncomplete
 .text.USBD_USR_DeviceDescriptor
                0x0800629c       0x1c Debug/usbd_desc.o
                0x0800629c                USBD_USR_DeviceDescriptor
 .text.USBD_USR_LangIDStrDescriptor
                0x080062b8       0x1c Debug/usbd_desc.o
                0x080062b8                USBD_USR_LangIDStrDescriptor
 .text.USBD_USR_ProductStrDescriptor
                0x080062d4       0x28 Debug/usbd_desc.o
                0x080062d4                USBD_USR_ProductStrDescriptor
 .text.USBD_USR_ManufacturerStrDescriptor
                0x080062fc       0x28 Debug/usbd_desc.o
                0x080062fc                USBD_USR_ManufacturerStrDescriptor
 .text.USBD_USR_SerialStrDescriptor
                0x08006324       0x28 Debug/usbd_desc.o
                0x08006324                USBD_USR_SerialStrDescriptor
 .text.USBD_USR_ConfigStrDescriptor
                0x0800634c       0x28 Debug/usbd_desc.o
                0x0800634c                USBD_USR_ConfigStrDescriptor
 .text.USBD_USR_InterfaceStrDescriptor
                0x08006374       0x98 Debug/usbd_desc.o
                0x08006374                USBD_USR_InterfaceStrDescriptor
 .text.USBD_USR_OSStrDescriptor
                0x0800640c       0x2c Debug/usbd_desc.o
                0x0800640c                USBD_USR_OSStrDescriptor
 .text.USBD_USR_ExtPropertiesFeatureDescriptor
                0x08006438       0xa8 Debug/usbd_desc.o
                0x08006438                USBD_USR_ExtPropertiesFeatureDescriptor
 .text.USBD_USR_ExtCompatIDFeatureDescriptor
                0x080064e0       0x2c Debug/usbd_desc.o
                0x080064e0                USBD_USR_ExtCompatIDFeatureDescriptor
 .text.USBD_CtlSendData
                0x0800650c       0x4c Debug/usbd_ioreq.o
                0x0800650c                USBD_CtlSendData
 .text.USBD_CtlContinueSendData
                0x08006558       0x30 Debug/usbd_ioreq.o
                0x08006558                USBD_CtlContinueSendData
 .text.USBD_CtlPrepareRx
                0x08006588       0x4c Debug/usbd_ioreq.o
                0x08006588                USBD_CtlPrepareRx
 .text.USBD_CtlContinueRx
                0x080065d4       0x30 Debug/usbd_ioreq.o
                0x080065d4                USBD_CtlContinueRx
 .text.USBD_CtlSendStatus
                0x08006604       0x34 Debug/usbd_ioreq.o
                0x08006604                USBD_CtlSendStatus
 .text.USBD_CtlReceiveStatus
                0x08006638       0x34 Debug/usbd_ioreq.o
                0x08006638                USBD_CtlReceiveStatus
 .text.USBD_StdDevReq
                0x0800666c       0x9c Debug/usbd_req.o
                0x0800666c                USBD_StdDevReq
 .text.USBD_VendDevReq
                0x08006708       0x90 Debug/usbd_req.o
                0x08006708                USBD_VendDevReq
 .text.USBD_StdItfReq
                0x08006798       0x5c Debug/usbd_req.o
                0x08006798                USBD_StdItfReq
 .text.__usb_ep_setFeature
                0x080067f4       0x8c Debug/usbd_req.o
                0x080067f4                __usb_ep_setFeature
 .text.__usp_ep_clearFeature
                0x08006880       0x90 Debug/usbd_req.o
                0x08006880                __usp_ep_clearFeature
 .text.__usp_ep_getStatus
                0x08006910       0xcc Debug/usbd_req.o
                0x08006910                __usp_ep_getStatus
 .text.USBD_StdEPReq
                0x080069dc       0x5c Debug/usbd_req.o
                0x080069dc                USBD_StdEPReq
 .text.USBD_GetDescriptor
                0x08006a38      0x208 Debug/usbd_req.o
 .text.USBD_SetAddress
                0x08006c40       0x84 Debug/usbd_req.o
 .text.USBD_SetConfig
                0x08006cc4       0xf0 Debug/usbd_req.o
 .text.USBD_GetConfig
                0x08006db4       0x7c Debug/usbd_req.o
 .text.USBD_GetStatus
                0x08006e30       0x50 Debug/usbd_req.o
 .text.USBD_SetFeature
                0x08006e80       0xe8 Debug/usbd_req.o
 .text.USBD_ClrFeature
                0x08006f68       0x50 Debug/usbd_req.o
 .text.USBD_ParseSetupRequest
                0x08006fb8       0x88 Debug/usbd_req.o
                0x08006fb8                USBD_ParseSetupRequest
 .text.USBD_CtlError
                0x08007040       0x48 Debug/usbd_req.o
                0x08007040                USBD_CtlError
 .text.USBD_GetString
                0x08007088       0x98 Debug/usbd_req.o
                0x08007088                USBD_GetString
 .text.USBD_GetLen
                0x08007120       0x30 Debug/usbd_req.o
 .text.USBD_USR_Init
                0x08007150        0x4 Debug/usbd_usr.o
                0x08007150                USBD_USR_Init
 .text.USBD_USR_DeviceReset
                0x08007154       0x24 Debug/usbd_usr.o
                0x08007154                USBD_USR_DeviceReset
 .text.USBD_USR_DeviceConfigured
                0x08007178       0x10 Debug/usbd_usr.o
                0x08007178                USBD_USR_DeviceConfigured
 .text.USBD_USR_DeviceConnected
                0x08007188       0x10 Debug/usbd_usr.o
                0x08007188                USBD_USR_DeviceConnected
 .text.USBD_USR_DeviceDisconnected
                0x08007198       0x10 Debug/usbd_usr.o
                0x08007198                USBD_USR_DeviceDisconnected
 .text.USBD_USR_DeviceSuspended
                0x080071a8       0x10 Debug/usbd_usr.o
                0x080071a8                USBD_USR_DeviceSuspended
 .text.USBD_USR_DeviceResumed
                0x080071b8       0x10 Debug/usbd_usr.o
                0x080071b8                USBD_USR_DeviceResumed
 .text.USB_OTG_BSP_Init
                0x080071c8       0x84 Debug/usb_bsp.o
                0x080071c8                USB_OTG_BSP_Init
 .text.USB_OTG_BSP_EnableInterrupt
                0x0800724c       0x38 Debug/usb_bsp.o
                0x0800724c                USB_OTG_BSP_EnableInterrupt
 .text.USB_OTG_BSP_uDelay
                0x08007284       0x40 Debug/usb_bsp.o
                0x08007284                USB_OTG_BSP_uDelay
 .text.USB_OTG_BSP_mDelay
                0x080072c4       0x20 Debug/usb_bsp.o
                0x080072c4                USB_OTG_BSP_mDelay
 .text.USB_OTG_ReadCoreItr
                0x080072e4       0x24 Debug/usb_core.o
                0x080072e4                USB_OTG_ReadCoreItr
 .text.USB_OTG_InitDevSpeed
                0x08007308       0x38 Debug/usb_core.o
                0x08007308                USB_OTG_InitDevSpeed
 .text.USB_OTG_CoreInitDev
                0x08007340      0x244 Debug/usb_core.o
                0x08007340                USB_OTG_CoreInitDev
 .text.USB_OTG_ReadDevAllOutEp_itr
                0x08007584       0x24 Debug/usb_core.o
                0x08007584                USB_OTG_ReadDevAllOutEp_itr
 .text.USB_OTG_ReadDevOutEP_itr
                0x080075a8       0x30 Debug/usb_core.o
                0x080075a8                USB_OTG_ReadDevOutEP_itr
 .text.USB_OTG_ReadDevAllInEPItr
                0x080075d8       0x24 Debug/usb_core.o
                0x080075d8                USB_OTG_ReadDevAllInEPItr
 .text.USB_OTG_CoreReset
                0x080075fc       0x90 Debug/usb_core_cfg.o
                0x080075fc                USB_OTG_CoreReset
 .text.USB_OTG_CoreInit
                0x0800768c      0x274 Debug/usb_core_cfg.o
                0x0800768c                USB_OTG_CoreInit
 .text.USB_OTG_SetCurrentMode
                0x08007900       0x78 Debug/usb_core_cfg.o
                0x08007900                USB_OTG_SetCurrentMode
 .text.USB_OTG_SelectCore
                0x08007978      0x140 Debug/usb_core_cfg.o
                0x08007978                USB_OTG_SelectCore
 .text.USB_OTG_EP0Activate
                0x08007ab8       0x80 Debug/usb_core_ep.o
                0x08007ab8                USB_OTG_EP0Activate
 .text.USB_OTG_EPActivate
                0x08007b38       0xf0 Debug/usb_core_ep.o
                0x08007b38                USB_OTG_EPActivate
 .text.USB_OTG_EPDeactivate
                0x08007c28       0xa0 Debug/usb_core_ep.o
                0x08007c28                USB_OTG_EPDeactivate
 .text.USB_OTG_EPSetStall
                0x08007cc8       0xa4 Debug/usb_core_ep.o
                0x08007cc8                USB_OTG_EPSetStall
 .text.USB_OTG_EPClearStall
                0x08007d6c       0x8c Debug/usb_core_ep.o
                0x08007d6c                USB_OTG_EPClearStall
 .text.USB_OTG_EP0_OutStart
                0x08007df8       0x40 Debug/usb_core_ep.o
                0x08007df8                USB_OTG_EP0_OutStart
 .text.USB_OTG_EnableCommonInt
                0x08007e38       0x5c Debug/usb_core_int.o
                0x08007e38                USB_OTG_EnableCommonInt
 .text.USB_OTG_EnableGlobalInt
                0x08007e94       0x34 Debug/usb_core_int.o
                0x08007e94                USB_OTG_EnableGlobalInt
 .text.USB_OTG_DisableGlobalInt
                0x08007ec8       0x38 Debug/usb_core_int.o
                0x08007ec8                USB_OTG_DisableGlobalInt
 .text.USB_OTG_EnableDevInt
                0x08007f00       0xc0 Debug/usb_core_int.o
                0x08007f00                USB_OTG_EnableDevInt
 .text.USB_OTG_WritePacket
                0x08007fc0       0x70 Debug/usb_core_io.o
                0x08007fc0                USB_OTG_WritePacket
 .text.USB_OTG_ReadPacket
                0x08008030       0x54 Debug/usb_core_io.o
                0x08008030                USB_OTG_ReadPacket
 .text.USB_OTG_FlushTxFifo
                0x08008084       0x74 Debug/usb_core_io.o
                0x08008084                USB_OTG_FlushTxFifo
 .text.USB_OTG_FlushRxFifo
                0x080080f8       0x60 Debug/usb_core_io.o
                0x080080f8                USB_OTG_FlushRxFifo
 .text.__usb_otg_epStartOutXfer
                0x08008158      0x12c Debug/usb_core_io.o
                0x08008158                __usb_otg_epStartOutXfer
 .text.__usb_otg_epStartInXfer
                0x08008284      0x120 Debug/usb_core_io.o
                0x08008284                __usb_otg_epStartInXfer
 .text.USB_OTG_EPStartXfer
                0x080083a4       0x30 Debug/usb_core_io.o
                0x080083a4                USB_OTG_EPStartXfer
 .text.__usb_otg_ep0StartOutXfer
                0x080083d4       0xd0 Debug/usb_core_io.o
                0x080083d4                __usb_otg_ep0StartOutXfer
 .text.__usb_otg_ep0StartInXfer
                0x080084a4       0xfc Debug/usb_core_io.o
                0x080084a4                __usb_otg_ep0StartInXfer
 .text.USB_OTG_EP0StartXfer
                0x080085a0       0x30 Debug/usb_core_io.o
                0x080085a0                USB_OTG_EP0StartXfer
 .text.DCD_Init
                0x080085d0      0x104 Debug/usb_dcd.o
                0x080085d0                DCD_Init
 .text.DCD_EP_Open
                0x080086d4       0xbc Debug/usb_dcd.o
                0x080086d4                DCD_EP_Open
 .text.DCD_EP_Close
                0x08008790       0x7c Debug/usb_dcd.o
                0x08008790                DCD_EP_Close
 .text.DCD_EP_PrepareRx
                0x0800880c       0x8c Debug/usb_dcd.o
                0x0800880c                DCD_EP_PrepareRx
 .text.DCD_EP_Tx
                0x08008898       0x7c Debug/usb_dcd.o
                0x08008898                DCD_EP_Tx
 .text.DCD_EP_Stall
                0x08008914       0x88 Debug/usb_dcd.o
                0x08008914                DCD_EP_Stall
 .text.DCD_EP_ClrStall
                0x0800899c       0x7c Debug/usb_dcd.o
                0x0800899c                DCD_EP_ClrStall
 .text.DCD_EP_SetAddress
                0x08008a18       0x3c Debug/usb_dcd.o
                0x08008a18                DCD_EP_SetAddress
 .text.USBD_OTG_ISR_Handler
                0x08008a54      0x168 Debug/usb_dcd_int.o
                0x08008a54                USBD_OTG_ISR_Handler
 .text.DCD_HandleResume_ISR
                0x08008bbc       0x8c Debug/usb_dcd_int.o
 .text.DCD_HandleUSBSuspend_ISR
                0x08008c48       0xa8 Debug/usb_dcd_int.o
 .text.DCD_HandleInEP_ISR
                0x08008cf0      0x1e8 Debug/usb_dcd_int.o
 .text.DCD_HandleOutEP_ISR
                0x08008ed8      0x124 Debug/usb_dcd_int.o
 .text.DCD_HandleSof_ISR
                0x08008ffc       0x38 Debug/usb_dcd_int.o
 .text.DCD_HandleRxStatusQueueLevel_ISR
                0x08009034      0x114 Debug/usb_dcd_int.o
 .text.DCD_WriteEmptyTxFifo
                0x08009148      0x118 Debug/usb_dcd_int.o
 .text.DCD_HandleUsbReset_ISR
                0x08009260      0x168 Debug/usb_dcd_int.o
 .text.DCD_HandleEnumDone_ISR
                0x080093c8       0x58 Debug/usb_dcd_int.o
 .text.DCD_IsoINIncomplete_ISR
                0x08009420       0x38 Debug/usb_dcd_int.o
 .text.DCD_IsoOUTIncomplete_ISR
                0x08009458       0x38 Debug/usb_dcd_int.o
 .text.DCD_ReadDevInEP
                0x08009490       0x4c Debug/usb_dcd_int.o
 .text.__wifiResolveBaudRate
                0x080094dc       0x64 Debug/wifi.o
                0x080094dc                __wifiResolveBaudRate
 .text.TWB_WiFi_Init
                0x08009540      0x130 Debug/wifi.o
                0x08009540                TWB_WiFi_Init
 .text.TWB_WiFi_GetBaudRate
                0x08009670        0xc Debug/wifi.o
                0x08009670                TWB_WiFi_GetBaudRate
 .text.TWB_WiFi_SetBaud
                0x0800967c       0x48 Debug/wifi.o
                0x0800967c                TWB_WiFi_SetBaud
 .text.TWB_WiFi_Timer_Tick
                0x080096c4       0x2c Debug/wifi.o
                0x080096c4                TWB_WiFi_Timer_Tick
 .text.TWB_WiFi_Reboot
                0x080096f0       0x2c Debug/wifi.o
                0x080096f0                TWB_WiFi_Reboot
 .text.TWB_WiFi_HandleTXE
                0x0800971c       0x60 Debug/wifi.o
                0x0800971c                TWB_WiFi_HandleTXE
 .text.TWB_WiFi_HandleRX
                0x0800977c       0x1c Debug/wifi.o
                0x0800977c                TWB_WiFi_HandleRX
 .text.TWB_Filter_Median_Apply_Float
                0x08009798      0x314 Debug/Median.o
                0x08009798                TWB_Filter_Median_Apply_Float
 .text.TWB_Filter_Median_Apply
                0x08009aac      0x328 Debug/Median.o
                0x08009aac                TWB_Filter_Median_Apply
 .text.TWB_Filter_Median_Apply_Signed
                0x08009dd4      0x358 Debug/Median.o
                0x08009dd4                TWB_Filter_Median_Apply_Signed
 .text.TWB_AutoPilot_Init
                0x0800a12c       0x60 Debug/autopilot.o
                0x0800a12c                TWB_AutoPilot_Init
 .text.TWB_AutoPilot_QueueAltitudeMsg
                0x0800a18c       0x18 Debug/autopilot.o
                0x0800a18c                TWB_AutoPilot_QueueAltitudeMsg
 .text.TWB_AutoPilot_Arm
                0x0800a1a4        0x8 Debug/autopilot.o
                0x0800a1a4                TWB_AutoPilot_Arm
 .text.TWB_AutoPilot_Safe
                0x0800a1ac        0x8 Debug/autopilot.o
                0x0800a1ac                TWB_AutoPilot_Safe
 .text.TWB_AutoPilot_ResetDefaults
                0x0800a1b4        0x8 Debug/autopilot.o
                0x0800a1b4                TWB_AutoPilot_ResetDefaults
 .text.__twb_gpio_manage_yaw
                0x0800a1bc      0x14c Debug/autopilot.o
                0x0800a1bc                __twb_gpio_manage_yaw
 .text.TWB_Autopilot_DetermineAltitude
                0x0800a308      0x1f4 Debug/autopilot.o
                0x0800a308                TWB_Autopilot_DetermineAltitude
 .text.__twb_autoPilot_manage_throttle
                0x0800a4fc      0x13c Debug/autopilot.o
                0x0800a4fc                __twb_autoPilot_manage_throttle
 .text.TWB_AutoPilot_TransitionToFlightMode
                0x0800a638       0xc8 Debug/autopilot.o
                0x0800a638                TWB_AutoPilot_TransitionToFlightMode
 .text.TWB_AutoPilot_Start
                0x0800a700        0x8 Debug/autopilot.o
                0x0800a700                TWB_AutoPilot_Start
 .text.TWB_AutoPilot_Stop
                0x0800a708       0x10 Debug/autopilot.o
                0x0800a708                TWB_AutoPilot_Stop
 .text.TWB_AutoPilot_Pause
                0x0800a718       0x10 Debug/autopilot.o
                0x0800a718                TWB_AutoPilot_Pause
 .text.TWB_AutoPilot_Resume
                0x0800a728        0x8 Debug/autopilot.o
                0x0800a728                TWB_AutoPilot_Resume
 .text.TWB_AutoPilot_Exec
                0x0800a730       0x9c Debug/autopilot.o
                0x0800a730                TWB_AutoPilot_Exec
 .text.TWB_AutoPilot_UpdateSettings
                0x0800a7cc       0x18 Debug/autopilot.o
                0x0800a7cc                TWB_AutoPilot_UpdateSettings
 .text.TWB_GPIO_CtrlLoop_SetPitchRollPID
                0x0800a7e4      0x414 Debug/ctrl_loop.o
                0x0800a7e4                TWB_GPIO_CtrlLoop_SetPitchRollPID
 .text.TWB_GPIO_CtrlLoop_SetAltitudePID
                0x0800abf8      0x1b8 Debug/ctrl_loop.o
                0x0800abf8                TWB_GPIO_CtrlLoop_SetAltitudePID
 .text.TWB_GPIO_CtrlLoop_SetYawPID
                0x0800adb0      0x1c0 Debug/ctrl_loop.o
                0x0800adb0                TWB_GPIO_CtrlLoop_SetYawPID
 .text.TWB_GPIO_CtrlLoop_Init
                0x0800af70      0xd04 Debug/ctrl_loop.o
                0x0800af70                TWB_GPIO_CtrlLoop_Init
 .text.TWB_Targets_QueueMsg
                0x0800bc74       0x18 Debug/ctrl_loop.o
                0x0800bc74                TWB_Targets_QueueMsg
 .text.TWB_GPIO_CtrlLoop_ResetDefaults
                0x0800bc8c      0xdc8 Debug/ctrl_loop.o
                0x0800bc8c                TWB_GPIO_CtrlLoop_ResetDefaults
 .text.TWB_GPIO_Arm
                0x0800ca54       0x3c Debug/ctrl_loop.o
                0x0800ca54                TWB_GPIO_Arm
 .text.TWB_GPIO_Safe
                0x0800ca90       0x2c Debug/ctrl_loop.o
                0x0800ca90                TWB_GPIO_Safe
 .text.TWB_GPIO_SendPIDConfig
                0x0800cabc       0xcc Debug/ctrl_loop_commo.o
                0x0800cabc                TWB_GPIO_SendPIDConfig
 .text.__ctrlLoop_resolve_DFilter
                0x0800cb88       0x90 Debug/ctrl_loop_commo.o
                0x0800cb88                __ctrlLoop_resolve_DFilter
 .text.__ctrlLoop_setPIDConstant
                0x0800cc18      0xfa0 Debug/ctrl_loop_commo.o
                0x0800cc18                __ctrlLoop_setPIDConstant
 .text.TWB_CtrlLoop_HandleMessage
                0x0800dbb8      0x6c0 Debug/ctrl_loop_commo.o
                0x0800dbb8                TWB_CtrlLoop_HandleMessage
 .text.__flightCtrlUpdateMotor
                0x0800e278       0x58 Debug/ctrl_loop_pid.o
                0x0800e278                __flightCtrlUpdateMotor
 .text.__twb_ctrl_loop_xfer_function
                0x0800e2d0      0x434 Debug/ctrl_loop_pid.o
                0x0800e2d0                __twb_ctrl_loop_xfer_function
 .text.__twb_gpio_update_telemetry
                0x0800e704      0x38c Debug/ctrl_loop_pid.o
                0x0800e704                __twb_gpio_update_telemetry
 .text.__twb_gpio_set_safe
                0x0800ea90      0x114 Debug/ctrl_loop_pid.o
                0x0800ea90                __twb_gpio_set_safe
 .text.TWB_GPIO_CtrlLoop_Exec
                0x0800eba4      0x1fc Debug/ctrl_loop_pid.o
                0x0800eba4                TWB_GPIO_CtrlLoop_Exec
 .text.__twb_PID_get_steady_p
                0x0800eda0       0x3c Debug/pid.o
                0x0800eda0                __twb_PID_get_steady_p
 .text.__twb_PID_get_steady_i
                0x0800eddc       0xcc Debug/pid.o
                0x0800eddc                __twb_PID_get_steady_i
 .text.__twb_PID_get_rate_p
                0x0800eea8       0x3c Debug/pid.o
                0x0800eea8                __twb_PID_get_rate_p
 .text.__twb_PID_get_rate_i
                0x0800eee4       0xcc Debug/pid.o
                0x0800eee4                __twb_PID_get_rate_i
 .text.__twb_PID_get_rate_d
                0x0800efb0       0xc8 Debug/pid.o
                0x0800efb0                __twb_PID_get_rate_d
 .text.TWB_PID_Update
                0x0800f078       0xe4 Debug/pid.o
                0x0800f078                TWB_PID_Update
 .text.TWB_PID_Reset
                0x0800f15c       0x34 Debug/pid.o
                0x0800f15c                TWB_PID_Reset
 .text.__pwm_capture_initTimeBase
                0x0800f190       0x44 Debug/pwm_capture.o
                0x0800f190                __pwm_capture_initTimeBase
 .text.__pwm_capture_initPorts
                0x0800f1d4       0x6c Debug/pwm_capture.o
                0x0800f1d4                __pwm_capture_initPorts
 .text.TWB_PWM_Capture_Init
                0x0800f240      0x108 Debug/pwm_capture.o
                0x0800f240                TWB_PWM_Capture_Init
 .text.TWB_PWM_RCWatchDogExpire
                0x0800f348       0x10 Debug/pwm_capture.o
                0x0800f348                TWB_PWM_RCWatchDogExpire
 .text.TWB_PWM_ProcessRCIn
                0x0800f358      0x218 Debug/pwm_capture.o
                0x0800f358                TWB_PWM_ProcessRCIn
 .text.TWB_RCIN_BeginCalibration
                0x0800f570       0x2c Debug/pwm_capture.o
                0x0800f570                TWB_RCIN_BeginCalibration
 .text.TWB_RCIN_QueueMsg
                0x0800f59c       0x18 Debug/pwm_capture.o
                0x0800f59c                TWB_RCIN_QueueMsg
 .text.TWB_RCIN_CancelCalibration
                0x0800f5b4       0x30 Debug/pwm_capture.o
                0x0800f5b4                TWB_RCIN_CancelCalibration
 .text.TWB_RCIN_FinalizeCalibration
                0x0800f5e4       0x78 Debug/pwm_capture.o
                0x0800f5e4                TWB_RCIN_FinalizeCalibration
 .text.__pwmCapture_processRadioChannel
                0x0800f65c      0x104 Debug/pwm_capture.o
                0x0800f65c                __pwmCapture_processRadioChannel
 .text.__pwmCapture_getStickPosition
                0x0800f760       0xc0 Debug/pwm_capture.o
                0x0800f760                __pwmCapture_getStickPosition
 .text.__pwm_capture_readCalibration
                0x0800f820      0x204 Debug/pwm_capture.o
                0x0800f820                __pwm_capture_readCalibration
 .text.TWB_RCIN_CalibrateStick
                0x0800fa24      0x3d4 Debug/pwm_capture.o
                0x0800fa24                TWB_RCIN_CalibrateStick
 .text.__pwm_MapUpdateRate
                0x0800fdf8       0xac Debug/pwm_source.o
                0x0800fdf8                __pwm_MapUpdateRate
 .text.TWB_Motors_QueueMsg
                0x0800fea4       0x18 Debug/pwm_source.o
                0x0800fea4                TWB_Motors_QueueMsg
 .text.TWB_PWM_SetESCPower
                0x0800febc       0x70 Debug/pwm_source.o
                0x0800febc                TWB_PWM_SetESCPower
 .text.__pwm_RefreshDutyCycles
                0x0800ff2c       0xe4 Debug/pwm_source.o
                0x0800ff2c                __pwm_RefreshDutyCycles
 .text.TWB_PWM_SetNewESCUpdateRate
                0x08010010       0x4c Debug/pwm_source.o
                0x08010010                TWB_PWM_SetNewESCUpdateRate
 .text.TWB_PWM_Init_PWM_IO
                0x0801005c       0xb0 Debug/pwm_source.o
                0x0801005c                TWB_PWM_Init_PWM_IO
 .text.TWB_PWM_Init_TimeBase
                0x0801010c       0x78 Debug/pwm_source.o
                0x0801010c                TWB_PWM_Init_TimeBase
 .text.TWB_PWM_Source_Init
                0x08010184      0x12c Debug/pwm_source.o
                0x08010184                TWB_PWM_Source_Init
 .text.TWB_PWM_ManagePower
                0x080102b0      0x378 Debug/pwm_source.o
                0x080102b0                TWB_PWM_ManagePower
 .text.NVIC_SetPriority
                0x08010628       0x50 Debug/main.o
 .text.SysTick_Config
                0x08010678       0x44 Debug/main.o
 .text.__configureEXTI
                0x080106bc       0x80 Debug/main.o
                0x080106bc                __configureEXTI
 .text.__setDefaults
                0x0801073c       0xc4 Debug/main.o
                0x0801073c                __setDefaults
 .text.__initMainLoopTimer
                0x08010800       0x7c Debug/main.o
                0x08010800                __initMainLoopTimer
 .text.__initModules
                0x0801087c       0x74 Debug/main.o
                0x0801087c                __initModules
 .text.__main_sendVersionInfo
                0x080108f0       0xac Debug/main.o
                0x080108f0                __main_sendVersionInfo
 .text.__initMain
                0x0801099c      0x224 Debug/main.o
                0x0801099c                __initMain
 .text.TIM7_IRQHandler
                0x08010bc0       0x70 Debug/main.o
                0x08010bc0                TIM7_IRQHandler
 .text.__startMainLoop
                0x08010c30       0x50 Debug/main.o
                0x08010c30                __startMainLoop
 .text.__twb_main_AllocateMemory
                0x08010c80      0x128 Debug/main.o
                0x08010c80                __twb_main_AllocateMemory
 .text.TWB_Status_QueueMsg
                0x08010da8       0x20 Debug/main.o
                0x08010da8                TWB_Status_QueueMsg
 .text.main     0x08010dc8      0x140 Debug/main.o
                0x08010dc8                main
 .text.TWB_Sys_Init
                0x08010f08       0xcc Debug/nivek_system.o
                0x08010f08                TWB_Sys_Init
 .text.TWB_Sys_Get_ShouldForwardDebugToConsole
                0x08010fd4       0x30 Debug/nivek_system.o
                0x08010fd4                TWB_Sys_Get_ShouldForwardDebugToConsole
 .text.TWB_Sys_Set_ShouldForwardDebugToConsole
                0x08011004       0x3c Debug/nivek_system.o
                0x08011004                TWB_Sys_Set_ShouldForwardDebugToConsole
 .text.TWB_Sys_Set_SerialNumber
                0x08011040       0x48 Debug/nivek_system.o
                0x08011040                TWB_Sys_Set_SerialNumber
 .text.TWB_Sys_Set_Address
                0x08011088       0x58 Debug/nivek_system.o
                0x08011088                TWB_Sys_Set_Address
 .text.TWB_Sys_Set_NiVekName
                0x080110e0       0x64 Debug/nivek_system.o
                0x080110e0                TWB_Sys_Set_NiVekName
 .text.TWB_Sys_Get_BaudRate
                0x08011144       0x30 Debug/nivek_system.o
                0x08011144                TWB_Sys_Get_BaudRate
 .text.TWB_Sys_Set_BaudRate
                0x08011174       0x3c Debug/nivek_system.o
                0x08011174                TWB_Sys_Set_BaudRate
 .text.TWB_Sys_RestoreDefaults
                0x080111b0       0xf4 Debug/nivek_system.o
                0x080111b0                TWB_Sys_RestoreDefaults
 .text.TWB_Sys_HandleMessage
                0x080112a4      0x114 Debug/nivek_system.o
                0x080112a4                TWB_Sys_HandleMessage
 .text.TWB_IMU_ADXL345_Init
                0x080113b8      0x298 Debug/adxl345.o
                0x080113b8                TWB_IMU_ADXL345_Init
 .text.TWB_IMU_ADXL345_ResetDefaults
                0x08011650      0x210 Debug/adxl345.o
                0x08011650                TWB_IMU_ADXL345_ResetDefaults
 .text.TWB_IMU_ADXL345_UpdateSetting
                0x08011860      0x170 Debug/adxl345.o
                0x08011860                TWB_IMU_ADXL345_UpdateSetting
 .text.TWB_IMU_ADXL345_SendDiag
                0x080119d0       0xb4 Debug/adxl345.o
                0x080119d0                TWB_IMU_ADXL345_SendDiag
 .text.bmp085_get_cal_param
                0x08011a84      0x12c Debug/bmp085.o
                0x08011a84                bmp085_get_cal_param
 .text.__twb_imu_bmp085_init_Periph
                0x08011bb0       0x78 Debug/bmp085.o
                0x08011bb0                __twb_imu_bmp085_init_Periph
 .text.TWB_IMU_BMP085_Init
                0x08011c28      0x240 Debug/bmp085.o
                0x08011c28                TWB_IMU_BMP085_Init
 .text.TWB_IMU_BMP085_Zero
                0x08011e68       0xb8 Debug/bmp085.o
                0x08011e68                TWB_IMU_BMP085_Zero
 .text.TWB_IMU_BMP085_UpdateSetting
                0x08011f20       0xf8 Debug/bmp085.o
                0x08011f20                TWB_IMU_BMP085_UpdateSetting
 .text.TWB_IMU_BMP085_ResetDefaults
                0x08012018      0x178 Debug/bmp085.o
                0x08012018                TWB_IMU_BMP085_ResetDefaults
 .text.TWB_IMU_BMP085_Start
                0x08012190       0x1c Debug/bmp085.o
                0x08012190                TWB_IMU_BMP085_Start
 .text.TWB_IMU_BMP085_Stop
                0x080121ac        0x8 Debug/bmp085.o
                0x080121ac                TWB_IMU_BMP085_Stop
 .text.TWB_IMU_BMP085_Pause
                0x080121b4        0x8 Debug/bmp085.o
                0x080121b4                TWB_IMU_BMP085_Pause
 .text.TWB_IMU_BMP085_Resume
                0x080121bc       0x1c Debug/bmp085.o
                0x080121bc                TWB_IMU_BMP085_Resume
 .text.TWB_IMU_BMP085_Read
                0x080121d8       0x24 Debug/bmp085.o
                0x080121d8                TWB_IMU_BMP085_Read
 .text.__snsr_bmp085_startTemperatureConversion
                0x080121fc       0x58 Debug/bmp085.o
                0x080121fc                __snsr_bmp085_startTemperatureConversion
 .text.__snsr_bmp085_startPressureConversion
                0x08012254       0x68 Debug/bmp085.o
                0x08012254                __snsr_bmp085_startPressureConversion
 .text.EXTI3_IRQHandler
                0x080122bc       0x28 Debug/bmp085.o
                0x080122bc                EXTI3_IRQHandler
 .text.TWB_IMU_BMP085_IRQ
                0x080122e4       0x54 Debug/bmp085.o
                0x080122e4                TWB_IMU_BMP085_IRQ
 .text.TWB_IMU_BMP085_I2C_Completed
                0x08012338       0x18 Debug/bmp085.o
                0x08012338                TWB_IMU_BMP085_I2C_Completed
 .text.__snsr_BMP085_ProcessTemperature
                0x08012350       0xa4 Debug/bmp085.o
                0x08012350                __snsr_BMP085_ProcessTemperature
 .text.__snsr_BMP085_GetAltitude
                0x080123f4       0x5c Debug/bmp085.o
                0x080123f4                __snsr_BMP085_GetAltitude
 .text.__snsr_BMP085_ProcessPressure
                0x08012450      0x250 Debug/bmp085.o
                0x08012450                __snsr_BMP085_ProcessPressure
 .text.TWB_IMU_BMP085_ProcessData
                0x080126a0       0x48 Debug/bmp085.o
                0x080126a0                TWB_IMU_BMP085_ProcessData
 .text.TWB_IMU_BMP085_SendDiag
                0x080126e8       0xc8 Debug/bmp085.o
                0x080126e8                TWB_IMU_BMP085_SendDiag
 .text.__snsr_ResolveCompFilter
                0x080127b0      0x188 Debug/complementary.o
                0x080127b0                __snsr_ResolveCompFilter
 .text.__snsr_compFilter_ResolveCompFilters
                0x08012938       0x64 Debug/complementary.o
                0x08012938                __snsr_compFilter_ResolveCompFilters
 .text.__snsr_compFilter_ResolveSensor
                0x0801299c      0x16c Debug/complementary.o
                0x0801299c                __snsr_compFilter_ResolveSensor
 .text.__snsr_compFilter_ResolveSensors
                0x08012b08      0x10c Debug/complementary.o
                0x08012b08                __snsr_compFilter_ResolveSensors
 .text.TWB_SNSR_Complementary_Init
                0x08012c14      0x574 Debug/complementary.o
                0x08012c14                TWB_SNSR_Complementary_Init
 .text.TWB_SNSR_Complementary_ResetDefaults
                0x08013188      0x47c Debug/complementary.o
                0x08013188                TWB_SNSR_Complementary_ResetDefaults
 .text.TWB_SNSR_Complementary_UpdateSettings
                0x08013604      0x3b4 Debug/complementary.o
                0x08013604                TWB_SNSR_Complementary_UpdateSettings
 .text.TWB_SNSR_Complementary_Process
                0x080139b8      0x3d0 Debug/complementary.o
                0x080139b8                TWB_SNSR_Complementary_Process
 .text.TWB_SNSR_Complementary_SendDiag
                0x08013d88      0x380 Debug/complementary.o
                0x08013d88                TWB_SNSR_Complementary_SendDiag
 .text.TWB_SNSR_Kalman_Init
                0x08014108       0x2c Debug/kalman.o
                0x08014108                TWB_SNSR_Kalman_Init
 .text.TWB_SNSR_Kalman_ResetDefaults
                0x08014134        0x8 Debug/kalman.o
                0x08014134                TWB_SNSR_Kalman_ResetDefaults
 .text.TWB_SNSR_Kalman_UpdateSetting
                0x0801413c       0x18 Debug/kalman.o
                0x0801413c                TWB_SNSR_Kalman_UpdateSetting
 .text.TWB_SNSR_Kalman_SendDiag
                0x08014154        0x4 Debug/kalman.o
                0x08014154                TWB_SNSR_Kalman_SendDiag
 .text.__gps_sendCommand
                0x08014158       0x80 Debug/gps.o
                0x08014158                __gps_sendCommand
 .text.TWB_GPS_Geo_Init
                0x080141d8      0x134 Debug/gps.o
                0x080141d8                TWB_GPS_Geo_Init
 .text.TWB_GPS_Heading_Init
                0x0801430c        0x8 Debug/gps.o
                0x0801430c                TWB_GPS_Heading_Init
 .text.TWB_GPS_Alt_Init
                0x08014314        0x8 Debug/gps.o
                0x08014314                TWB_GPS_Alt_Init
 .text.clearBuffer
                0x0801431c       0x20 Debug/gps.o
                0x0801431c                clearBuffer
 .text.determineMessageType
                0x0801433c       0x60 Debug/gps.o
                0x0801433c                determineMessageType
 .text.TWB_GPS_Geo_Update_Setting
                0x0801439c       0x88 Debug/gps.o
                0x0801439c                TWB_GPS_Geo_Update_Setting
 .text.isnumb   0x08014424       0x28 Debug/gps.o
                0x08014424                isnumb
 .text.twb_atof
                0x0801444c      0x100 Debug/gps.o
                0x0801444c                twb_atof
 .text.parseValue
                0x0801454c      0x1e8 Debug/gps.o
                0x0801454c                parseValue
 .text.TWB_GPS_Alt_ResetDefaults
                0x08014734        0x8 Debug/gps.o
                0x08014734                TWB_GPS_Alt_ResetDefaults
 .text.TWB_GPS_Heading_ResetDefaults
                0x0801473c        0x8 Debug/gps.o
                0x0801473c                TWB_GPS_Heading_ResetDefaults
 .text.TWB_GPS_Geo_ResetDefaults
                0x08014744        0x8 Debug/gps.o
                0x08014744                TWB_GPS_Geo_ResetDefaults
 .text.TWB_GPS_Alt_Update_Setting
                0x0801474c       0x18 Debug/gps.o
                0x0801474c                TWB_GPS_Alt_Update_Setting
 .text.TWB_GPS_Heading_Update_Setting
                0x08014764       0x18 Debug/gps.o
                0x08014764                TWB_GPS_Heading_Update_Setting
 .text.TWB_GPS_QueueMsg
                0x0801477c       0x18 Debug/gps.o
                0x0801477c                TWB_GPS_QueueMsg
 .text.TWB_GPS_HandleRX_Overrun
                0x08014794       0x1c Debug/gps.o
                0x08014794                TWB_GPS_HandleRX_Overrun
 .text.TWB_GPS_HandleRX_IRQ
                0x080147b0      0x130 Debug/gps.o
                0x080147b0                TWB_GPS_HandleRX_IRQ
 .text.TWB_IMU_HMC5883_Init
                0x080148e0      0x338 Debug/hmc5883.o
                0x080148e0                TWB_IMU_HMC5883_Init
 .text.TWB_IMU_HMC5883_ResetDefaults
                0x08014c18      0x2e8 Debug/hmc5883.o
                0x08014c18                TWB_IMU_HMC5883_ResetDefaults
 .text.TWB_IMU_HMC5883_UpdateSetting
                0x08014f00      0x1b4 Debug/hmc5883.o
                0x08014f00                TWB_IMU_HMC5883_UpdateSetting
 .text.TWB_IMU_HMC5883_SendDiag
                0x080150b4       0x7c Debug/hmc5883.o
                0x080150b4                TWB_IMU_HMC5883_SendDiag
 .text.TWB_IMU_ITG3200_Init
                0x08015130      0x200 Debug/itg3200.o
                0x08015130                TWB_IMU_ITG3200_Init
 .text.TWB_IMU_ITG3200_ResetDefaults
                0x08015330      0x198 Debug/itg3200.o
                0x08015330                TWB_IMU_ITG3200_ResetDefaults
 .text.TWB_IMU_ITG3200_UpdateSetting
                0x080154c8      0x158 Debug/itg3200.o
                0x080154c8                TWB_IMU_ITG3200_UpdateSetting
 .text.TWB_IMU_ITG3200_SendDiag
                0x08015620       0xd4 Debug/itg3200.o
                0x08015620                TWB_IMU_ITG3200_SendDiag
 .text.__enableL3GD20FiFo
                0x080156f4       0x44 Debug/l3g20.o
                0x080156f4                __enableL3GD20FiFo
 .text.__disableL3GD20FiFo
                0x08015738       0x64 Debug/l3g20.o
                0x08015738                __disableL3GD20FiFo
 .text.__twb_imu_L3GD20_InitPeriph
                0x0801579c      0x134 Debug/l3g20.o
                0x0801579c                __twb_imu_L3GD20_InitPeriph
 .text.TWB_IMU_L3GD20_Init
                0x080158d0      0x2e0 Debug/l3g20.o
                0x080158d0                TWB_IMU_L3GD20_Init
 .text.TWB_IMU_L3GD20_UpdateSetting
                0x08015bb0      0x2ac Debug/l3g20.o
                0x08015bb0                TWB_IMU_L3GD20_UpdateSetting
 .text.TWB_IMU_L3GD20_ResetDefaults
                0x08015e5c      0x288 Debug/l3g20.o
                0x08015e5c                TWB_IMU_L3GD20_ResetDefaults
 .text.TWB_IMU_L3GD20_Start
                0x080160e4       0xa0 Debug/l3g20.o
                0x080160e4                TWB_IMU_L3GD20_Start
 .text.TWB_IMU_L3GD20_Pause
                0x08016184       0x48 Debug/l3g20.o
                0x08016184                TWB_IMU_L3GD20_Pause
 .text.TWB_IMU_L3GD20_Resume
                0x080161cc       0xa0 Debug/l3g20.o
                0x080161cc                TWB_IMU_L3GD20_Resume
 .text.TWB_IMU_L3GD20_Stop
                0x0801626c       0x38 Debug/l3g20.o
                0x0801626c                TWB_IMU_L3GD20_Stop
 .text.TWB_IMU_L3GD20_Zero
                0x080162a4       0x5c Debug/l3g20.o
                0x080162a4                TWB_IMU_L3GD20_Zero
 .text.TWB_IMU_L3GD20_CompleteZero
                0x08016300       0x30 Debug/l3g20.o
                0x08016300                TWB_IMU_L3GD20_CompleteZero
 .text.__l3gd20_getDataRateSeconds
                0x08016330       0xac Debug/l3g20.o
                0x08016330                __l3gd20_getDataRateSeconds
 .text.__l3gd20_calculateScaleValue
                0x080163dc       0xc4 Debug/l3g20.o
                0x080163dc                __l3gd20_calculateScaleValue
 .text.__twb_imu_l3gd20_ProcessSlot
                0x080164a0      0x304 Debug/l3g20.o
                0x080164a0                __twb_imu_l3gd20_ProcessSlot
 .text.__twb_imu_l3gd20_RegisterRead
                0x080167a4       0x18 Debug/l3g20.o
                0x080167a4                __twb_imu_l3gd20_RegisterRead
 .text.__twb_imu_l3gd20_QueueRead
                0x080167bc       0x20 Debug/l3g20.o
                0x080167bc                __twb_imu_l3gd20_QueueRead
 .text.__twb_imu_l3gd20_QueueSizeRead
                0x080167dc       0x20 Debug/l3g20.o
                0x080167dc                __twb_imu_l3gd20_QueueSizeRead
 .text.__twb_imu_l3gd20_QueueFiFoRead
                0x080167fc       0x70 Debug/l3g20.o
                0x080167fc                __twb_imu_l3gd20_QueueFiFoRead
 .text.TWB_IMU_L3GD30_ProcessData
                0x0801686c      0x160 Debug/l3g20.o
                0x0801686c                TWB_IMU_L3GD30_ProcessData
 .text.__twb_imu_l3gd20_Read
                0x080169cc       0x94 Debug/l3g20.o
                0x080169cc                __twb_imu_l3gd20_Read
 .text.TWB_IMU_L3GD20_IRQ
                0x08016a60        0xc Debug/l3g20.o
                0x08016a60                TWB_IMU_L3GD20_IRQ
 .text.TWB_IMU_L3GD20_Read
                0x08016a6c       0x18 Debug/l3g20.o
                0x08016a6c                TWB_IMU_L3GD20_Read
 .text.TWB_IMU_L3GD20_SendDiag
                0x08016a84       0xf4 Debug/l3g20.o
                0x08016a84                TWB_IMU_L3GD20_SendDiag
 .text.TWB_ADC_Init
                0x08016b78      0x208 Debug/lipo_adc.o
                0x08016b78                TWB_ADC_Init
 .text.TWB_ADC_Read
                0x08016d80       0x40 Debug/lipo_adc.o
                0x08016d80                TWB_ADC_Read
 .text.TWB_ADC_ResetDefaults
                0x08016dc0       0xd4 Debug/lipo_adc.o
                0x08016dc0                TWB_ADC_ResetDefaults
 .text.TWB_ADC_UpdateSetting
                0x08016e94       0xdc Debug/lipo_adc.o
                0x08016e94                TWB_ADC_UpdateSetting
 .text.ADC_IRQHandler
                0x08016f70      0x280 Debug/lipo_adc.o
                0x08016f70                ADC_IRQHandler
 .text.TWB_ADC_QueueMsg
                0x080171f0       0x18 Debug/lipo_adc.o
                0x080171f0                TWB_ADC_QueueMsg
 .text.TWB_ADC_SendDiag
                0x08017208       0x88 Debug/lipo_adc.o
                0x08017208                TWB_ADC_SendDiag
 .text.__twb_imu_lsm303_acc_init_periph
                0x08017290       0xdc Debug/lsm303_acc.o
                0x08017290                __twb_imu_lsm303_acc_init_periph
 .text.TWB_IMU_LSM303_Acc_Init
                0x0801736c      0x2bc Debug/lsm303_acc.o
                0x0801736c                TWB_IMU_LSM303_Acc_Init
 .text.TWB_IMU_LSM303_Acc_ResetDefaults
                0x08017628      0x220 Debug/lsm303_acc.o
                0x08017628                TWB_IMU_LSM303_Acc_ResetDefaults
 .text.__lsmacc303_EnableFifo
                0x08017848       0x44 Debug/lsm303_acc.o
                0x08017848                __lsmacc303_EnableFifo
 .text.__lsmacc303_DisableFifo
                0x0801788c       0x44 Debug/lsm303_acc.o
                0x0801788c                __lsmacc303_DisableFifo
 .text.TWB_IMU_LSM303_Acc_UpdateSetting
                0x080178d0      0x1a0 Debug/lsm303_acc.o
                0x080178d0                TWB_IMU_LSM303_Acc_UpdateSetting
 .text.TWB_IMU_LSM303_Acc_Start
                0x08017a70       0x6c Debug/lsm303_acc.o
                0x08017a70                TWB_IMU_LSM303_Acc_Start
 .text.TWB_IMU_LSM303_Acc_Pause
                0x08017adc       0x44 Debug/lsm303_acc.o
                0x08017adc                TWB_IMU_LSM303_Acc_Pause
 .text.TWB_IMU_LSM303_Acc_Resume
                0x08017b20       0x6c Debug/lsm303_acc.o
                0x08017b20                TWB_IMU_LSM303_Acc_Resume
 .text.TWB_IMU_LSM303_Acc_Stop
                0x08017b8c       0x44 Debug/lsm303_acc.o
                0x08017b8c                TWB_IMU_LSM303_Acc_Stop
 .text.TWB_IMU_LSM303_Acc_Zero
                0x08017bd0       0x38 Debug/lsm303_acc.o
                0x08017bd0                TWB_IMU_LSM303_Acc_Zero
 .text.TWB_IMU_LSM303_Acc_CompleteZero
                0x08017c08       0x30 Debug/lsm303_acc.o
                0x08017c08                TWB_IMU_LSM303_Acc_CompleteZero
 .text.__twb_imu_lsm303_acc_RegisterRead
                0x08017c38       0x18 Debug/lsm303_acc.o
                0x08017c38                __twb_imu_lsm303_acc_RegisterRead
 .text.__twb_imu_lsm303_acc_QueueRead
                0x08017c50       0x20 Debug/lsm303_acc.o
                0x08017c50                __twb_imu_lsm303_acc_QueueRead
 .text.__twb_imu_lsm303_acc_QueueSizeRead
                0x08017c70       0x20 Debug/lsm303_acc.o
                0x08017c70                __twb_imu_lsm303_acc_QueueSizeRead
 .text.__twb_imu_lsm303_acc_QueueFiFoRead
                0x08017c90       0x94 Debug/lsm303_acc.o
                0x08017c90                __twb_imu_lsm303_acc_QueueFiFoRead
 .text.__twb_imu_lsm303_acc_ProcessSlot
                0x08017d24       0xf4 Debug/lsm303_acc.o
                0x08017d24                __twb_imu_lsm303_acc_ProcessSlot
 .text.__twb_imu_lsm303_acc_CalcAttitude
                0x08017e18      0x340 Debug/lsm303_acc.o
                0x08017e18                __twb_imu_lsm303_acc_CalcAttitude
 .text.TWB_IMU_LSM303_Acc_ProcessData
                0x08018158       0x88 Debug/lsm303_acc.o
                0x08018158                TWB_IMU_LSM303_Acc_ProcessData
 .text.__twb_imu_lsm303_acc_Read
                0x080181e0       0xa4 Debug/lsm303_acc.o
                0x080181e0                __twb_imu_lsm303_acc_Read
 .text.TWB_IMU_LSM303_Acc_IRQ
                0x08018284        0xc Debug/lsm303_acc.o
                0x08018284                TWB_IMU_LSM303_Acc_IRQ
 .text.TWB_IMU_LSM303_Acc_Read
                0x08018290       0x18 Debug/lsm303_acc.o
                0x08018290                TWB_IMU_LSM303_Acc_Read
 .text.TWB_IMU_LSM303_Acc_SendDiag
                0x080182a8      0x12c Debug/lsm303_acc.o
                0x080182a8                TWB_IMU_LSM303_Acc_SendDiag
 .text.__twb_imu_lsm303_mag_setFullScaleRange
                0x080183d4       0x9c Debug/lsm303_mag.o
                0x080183d4                __twb_imu_lsm303_mag_setFullScaleRange
 .text.__twb_imu_lsm303_mag_init_Periph
                0x08018470       0xa0 Debug/lsm303_mag.o
                0x08018470                __twb_imu_lsm303_mag_init_Periph
 .text.TWB_IMU_LSM303_Mag_Init
                0x08018510      0x2ec Debug/lsm303_mag.o
                0x08018510                TWB_IMU_LSM303_Mag_Init
 .text.TWB_IMU_LSM303_Mag_ResetDefaults
                0x080187fc      0x2e4 Debug/lsm303_mag.o
                0x080187fc                TWB_IMU_LSM303_Mag_ResetDefaults
 .text.TWB_IMU_LSM303_Mag_UpdateSetting
                0x08018ae0      0x190 Debug/lsm303_mag.o
                0x08018ae0                TWB_IMU_LSM303_Mag_UpdateSetting
 .text.TWB_IMU_LSM303_Mag_Start
                0x08018c70       0x38 Debug/lsm303_mag.o
                0x08018c70                TWB_IMU_LSM303_Mag_Start
 .text.TWB_IMU_LSM303_Mag_Stop
                0x08018ca8        0x8 Debug/lsm303_mag.o
                0x08018ca8                TWB_IMU_LSM303_Mag_Stop
 .text.TWB_IMU_LSM303_Mag_Pause
                0x08018cb0        0x8 Debug/lsm303_mag.o
                0x08018cb0                TWB_IMU_LSM303_Mag_Pause
 .text.TWB_IMU_LSM303_Mag_Resume
                0x08018cb8       0x38 Debug/lsm303_mag.o
                0x08018cb8                TWB_IMU_LSM303_Mag_Resume
 .text.TWB_IMU_LSM303_Mag_BeginCalibration
                0x08018cf0       0x70 Debug/lsm303_mag.o
                0x08018cf0                TWB_IMU_LSM303_Mag_BeginCalibration
 .text.TWB_IMU_LSM303_Mag_CancelCalibration
                0x08018d60       0xe8 Debug/lsm303_mag.o
                0x08018d60                TWB_IMU_LSM303_Mag_CancelCalibration
 .text.TWB_IMU_LSM303_Mag_EndCalibration
                0x08018e48      0x170 Debug/lsm303_mag.o
                0x08018e48                TWB_IMU_LSM303_Mag_EndCalibration
 .text.__twb_imu_lsm303_mag_I2CReadComplete
                0x08018fb8       0x18 Debug/lsm303_mag.o
                0x08018fb8                __twb_imu_lsm303_mag_I2CReadComplete
 .text.__imu_lsm303_mag_getTiltHeading
                0x08018fd0      0x208 Debug/lsm303_mag.o
                0x08018fd0                __imu_lsm303_mag_getTiltHeading
 .text.TWB_IMU_LSM303_Mag_ProcessData
                0x080191d8      0x3e4 Debug/lsm303_mag.o
                0x080191d8                TWB_IMU_LSM303_Mag_ProcessData
 .text.TWB_IMU_LSM303_Mag_Read
                0x080195bc       0x50 Debug/lsm303_mag.o
                0x080195bc                TWB_IMU_LSM303_Mag_Read
 .text.TWB_IMU_LSM303_Mag_SendDiag
                0x0801960c       0xc8 Debug/lsm303_mag.o
                0x0801960c                TWB_IMU_LSM303_Mag_SendDiag
 .text.__twb_imu_mpu60x0_Acc_InitPerip
                0x080196d4       0xcc Debug/mpu60x0_acc.o
                0x080196d4                __twb_imu_mpu60x0_Acc_InitPerip
 .text.TWB_IMU_MPU60x0_Acc_Init
                0x080197a0      0x240 Debug/mpu60x0_acc.o
                0x080197a0                TWB_IMU_MPU60x0_Acc_Init
 .text.TWB_IMU_MPU60x0_Acc_ResetDefaults
                0x080199e0      0x1b0 Debug/mpu60x0_acc.o
                0x080199e0                TWB_IMU_MPU60x0_Acc_ResetDefaults
 .text.TWB_IMU_MPU60x0_Acc_UpdateSetting
                0x08019b90      0x134 Debug/mpu60x0_acc.o
                0x08019b90                TWB_IMU_MPU60x0_Acc_UpdateSetting
 .text.TWB_IMU_MPU60x0_Acc_Start
                0x08019cc4       0x38 Debug/mpu60x0_acc.o
                0x08019cc4                TWB_IMU_MPU60x0_Acc_Start
 .text.TWB_IMU_MPU60x0_Acc_Pause
                0x08019cfc        0x8 Debug/mpu60x0_acc.o
                0x08019cfc                TWB_IMU_MPU60x0_Acc_Pause
 .text.TWB_IMU_MPU60x0_Acc_Resume
                0x08019d04       0x38 Debug/mpu60x0_acc.o
                0x08019d04                TWB_IMU_MPU60x0_Acc_Resume
 .text.TWB_IMU_MPU60x0_Acc_Stop
                0x08019d3c        0x8 Debug/mpu60x0_acc.o
                0x08019d3c                TWB_IMU_MPU60x0_Acc_Stop
 .text.TWB_IMU_MPU60x0_Acc_Zero
                0x08019d44       0x3c Debug/mpu60x0_acc.o
                0x08019d44                TWB_IMU_MPU60x0_Acc_Zero
 .text.TWB_IMU_MPU60x0_Acc_CompleteZero
                0x08019d80       0x30 Debug/mpu60x0_acc.o
                0x08019d80                TWB_IMU_MPU60x0_Acc_CompleteZero
 .text.__imu_mpu60x0_acc_dataReady
                0x08019db0       0x18 Debug/mpu60x0_acc.o
                0x08019db0                __imu_mpu60x0_acc_dataReady
 .text.TWB_IMU_MPU60x0_Acc_ProcessData
                0x08019dc8      0x1c4 Debug/mpu60x0_acc.o
                0x08019dc8                TWB_IMU_MPU60x0_Acc_ProcessData
 .text.__twb_imu_MPU60x0_Acc_Read
                0x08019f8c       0x44 Debug/mpu60x0_acc.o
                0x08019f8c                __twb_imu_MPU60x0_Acc_Read
 .text.TWB_IMU_MPU60x0_Acc_Read
                0x08019fd0       0x18 Debug/mpu60x0_acc.o
                0x08019fd0                TWB_IMU_MPU60x0_Acc_Read
 .text.TWB_IMU_MPU60x0_Acc_IRQ
                0x08019fe8        0xc Debug/mpu60x0_acc.o
                0x08019fe8                TWB_IMU_MPU60x0_Acc_IRQ
 .text.TWB_IMU_MPU60x0_Acc_SendDiag
                0x08019ff4       0xf4 Debug/mpu60x0_acc.o
                0x08019ff4                TWB_IMU_MPU60x0_Acc_SendDiag
 .text.__setMPUGyroLSBSensitivity
                0x0801a0e8       0x68 Debug/mpu60x0_gryo.o
                0x0801a0e8                __setMPUGyroLSBSensitivity
 .text.__twb_imu_MPU60x0_Gyro_InitPeriph
                0x0801a150       0xf4 Debug/mpu60x0_gryo.o
                0x0801a150                __twb_imu_MPU60x0_Gyro_InitPeriph
 .text.TWB_IMU_MPU60x0_Gyro_Init
                0x0801a244      0x294 Debug/mpu60x0_gryo.o
                0x0801a244                TWB_IMU_MPU60x0_Gyro_Init
 .text.TWB_IMU_MPU60x0_Gyro_ResetDefaults
                0x0801a4d8      0x1fc Debug/mpu60x0_gryo.o
                0x0801a4d8                TWB_IMU_MPU60x0_Gyro_ResetDefaults
 .text.TWB_IMU_MPU60x0_Gyro_Zero
                0x0801a6d4       0x84 Debug/mpu60x0_gryo.o
                0x0801a6d4                TWB_IMU_MPU60x0_Gyro_Zero
 .text.TWB_IMU_MPU60x0_Gyro_CompleteZero
                0x0801a758       0x30 Debug/mpu60x0_gryo.o
                0x0801a758                TWB_IMU_MPU60x0_Gyro_CompleteZero
 .text.TWB_IMU_MPU60x0_Gyro_UpdateSetting
                0x0801a788      0x148 Debug/mpu60x0_gryo.o
                0x0801a788                TWB_IMU_MPU60x0_Gyro_UpdateSetting
 .text.TWB_IMU_MPU60x0_Gyro_Start
                0x0801a8d0       0xac Debug/mpu60x0_gryo.o
                0x0801a8d0                TWB_IMU_MPU60x0_Gyro_Start
 .text.TWB_IMU_MPU60x0_Gyro_Pause
                0x0801a97c       0x5c Debug/mpu60x0_gryo.o
                0x0801a97c                TWB_IMU_MPU60x0_Gyro_Pause
 .text.TWB_IMU_MPU60x0_Gyro_Resume
                0x0801a9d8       0xc8 Debug/mpu60x0_gryo.o
                0x0801a9d8                TWB_IMU_MPU60x0_Gyro_Resume
 .text.TWB_IMU_MPU60x0_Gyro_Stop
                0x0801aaa0       0x5c Debug/mpu60x0_gryo.o
                0x0801aaa0                TWB_IMU_MPU60x0_Gyro_Stop
 .text.__twb_imu_mpu60x0_gyro_RegisterRead
                0x0801aafc       0x18 Debug/mpu60x0_gryo.o
                0x0801aafc                __twb_imu_mpu60x0_gyro_RegisterRead
 .text.__twb_imu_mpu60x0_gyro_QueueRead
                0x0801ab14       0x20 Debug/mpu60x0_gryo.o
                0x0801ab14                __twb_imu_mpu60x0_gyro_QueueRead
 .text.__twb_imu_mpu60x0_gyro_QueueSizeRead
                0x0801ab34       0x20 Debug/mpu60x0_gryo.o
                0x0801ab34                __twb_imu_mpu60x0_gyro_QueueSizeRead
 .text.__twb_imu_mpu60x0_gyro_QueueFiFoRead
                0x0801ab54       0x80 Debug/mpu60x0_gryo.o
                0x0801ab54                __twb_imu_mpu60x0_gyro_QueueFiFoRead
 .text.__mpu60x0_getDataRateSeconds
                0x0801abd4       0x9c Debug/mpu60x0_gryo.o
                0x0801abd4                __mpu60x0_getDataRateSeconds
 .text.__mpu60x0_gyro_calculateScaleValue
                0x0801ac70       0xcc Debug/mpu60x0_gryo.o
                0x0801ac70                __mpu60x0_gyro_calculateScaleValue
 .text.__twb_imu_mpu60x0_gyro_ProcessSlot
                0x0801ad3c      0x208 Debug/mpu60x0_gryo.o
                0x0801ad3c                __twb_imu_mpu60x0_gyro_ProcessSlot
 .text.TWB_IMU_MPU60x0_Gyro_ProcessData
                0x0801af44      0x148 Debug/mpu60x0_gryo.o
                0x0801af44                TWB_IMU_MPU60x0_Gyro_ProcessData
 .text.__twb_imu_mpu60x0_gyro_Read
                0x0801b08c       0x94 Debug/mpu60x0_gryo.o
                0x0801b08c                __twb_imu_mpu60x0_gyro_Read
 .text.TWB_IMU_MPU60x0_Gyro_Read
                0x0801b120       0x18 Debug/mpu60x0_gryo.o
                0x0801b120                TWB_IMU_MPU60x0_Gyro_Read
 .text.TWB_IMU_MPU60x0_Gyro_IRQ
                0x0801b138        0xc Debug/mpu60x0_gryo.o
                0x0801b138                TWB_IMU_MPU60x0_Gyro_IRQ
 .text.TWB_IMU_MPU60x0_Gyro_SendDiag
                0x0801b144       0xd4 Debug/mpu60x0_gryo.o
                0x0801b144                TWB_IMU_MPU60x0_Gyro_SendDiag
 .text.reset    0x0801b218       0x34 Debug/ms5611.o
                0x0801b218                reset
 .text.__snsr_MS5611_GetAltitude
                0x0801b24c       0x50 Debug/ms5611.o
                0x0801b24c                __snsr_MS5611_GetAltitude
 .text.__imu_ms5611_readCalibration
                0x0801b29c      0x188 Debug/ms5611.o
                0x0801b29c                __imu_ms5611_readCalibration
 .text.__twb_imu_ms5611_init_Periph
                0x0801b424        0xc Debug/ms5611.o
                0x0801b424                __twb_imu_ms5611_init_Periph
 .text.TWB_IMU_MS5611_Init
                0x0801b430      0x27c Debug/ms5611.o
                0x0801b430                TWB_IMU_MS5611_Init
 .text.TWB_IMU_MS5611_ResetDefaults
                0x0801b6ac       0x64 Debug/ms5611.o
                0x0801b6ac                TWB_IMU_MS5611_ResetDefaults
 .text.TWB_IMU_MS5611_UpdateSetting
                0x0801b710       0xe4 Debug/ms5611.o
                0x0801b710                TWB_IMU_MS5611_UpdateSetting
 .text.TWB_IMU_MS5611_Zero
                0x0801b7f4       0xe4 Debug/ms5611.o
                0x0801b7f4                TWB_IMU_MS5611_Zero
 .text.__ms5611_readRawTemperature
                0x0801b8d8       0x50 Debug/ms5611.o
                0x0801b8d8                __ms5611_readRawTemperature
 .text.__ms5611_processTemperature
                0x0801b928       0x8c Debug/ms5611.o
                0x0801b928                __ms5611_processTemperature
 .text.__ms5611_readRawPressure
                0x0801b9b4       0x50 Debug/ms5611.o
                0x0801b9b4                __ms5611_readRawPressure
 .text.__ms5611_processPressure
                0x0801ba04      0x1c8 Debug/ms5611.o
                0x0801ba04                __ms5611_processPressure
 .text.TWB_IMU_MS5611_I2C_Completed
                0x0801bbcc       0x18 Debug/ms5611.o
                0x0801bbcc                TWB_IMU_MS5611_I2C_Completed
 .text.__imu_ms5611_startTemperatureConversion
                0x0801bbe4       0x44 Debug/ms5611.o
                0x0801bbe4                __imu_ms5611_startTemperatureConversion
 .text.__imu_ms5611_startPressureConversion
                0x0801bc28       0x44 Debug/ms5611.o
                0x0801bc28                __imu_ms5611_startPressureConversion
 .text.__imu_ms5611_readTemperature
                0x0801bc6c       0x20 Debug/ms5611.o
                0x0801bc6c                __imu_ms5611_readTemperature
 .text.__imu_ms5611_startTemperatureRead
                0x0801bc8c       0x48 Debug/ms5611.o
                0x0801bc8c                __imu_ms5611_startTemperatureRead
 .text.__imu_ms5611_readPressure
                0x0801bcd4       0x30 Debug/ms5611.o
                0x0801bcd4                __imu_ms5611_readPressure
 .text.__imu_ms5611_startPressureRead
                0x0801bd04       0x48 Debug/ms5611.o
                0x0801bd04                __imu_ms5611_startPressureRead
 .text.TWB_IMU_MS5611_Read
                0x0801bd4c       0x3c Debug/ms5611.o
                0x0801bd4c                TWB_IMU_MS5611_Read
 .text.TWB_IMU_MS5611_ProcessData
                0x0801bd88       0x28 Debug/ms5611.o
                0x0801bd88                TWB_IMU_MS5611_ProcessData
 .text.TWB_IMU_MS5611_SendDiag
                0x0801bdb0       0xc8 Debug/ms5611.o
                0x0801bdb0                TWB_IMU_MS5611_SendDiag
 .text.TWB_IMU_MS5611_Start
                0x0801be78        0x8 Debug/ms5611.o
                0x0801be78                TWB_IMU_MS5611_Start
 .text.TWB_IMU_MS5611_Stop
                0x0801be80        0x8 Debug/ms5611.o
                0x0801be80                TWB_IMU_MS5611_Stop
 .text.TWB_IMU_MS5611_Pause
                0x0801be88        0x8 Debug/ms5611.o
                0x0801be88                TWB_IMU_MS5611_Pause
 .text.TWB_IMU_MS5611_Resume
                0x0801be90        0x8 Debug/ms5611.o
                0x0801be90                TWB_IMU_MS5611_Resume
 .text.TWB_IMU_RestoreDefaults
                0x0801be98      0x208 Debug/snsr_actions.o
                0x0801be98                TWB_IMU_RestoreDefaults
 .text.TWB_Sensors_Start
                0x0801c0a0       0x74 Debug/snsr_actions.o
                0x0801c0a0                TWB_Sensors_Start
 .text.TWB_Sensors_Pause
                0x0801c114       0x78 Debug/snsr_actions.o
                0x0801c114                TWB_Sensors_Pause
 .text.TWB_Sensors_Resume
                0x0801c18c       0x98 Debug/snsr_actions.o
                0x0801c18c                TWB_Sensors_Resume
 .text.TWB_Sensors_Stop
                0x0801c224       0x6c Debug/snsr_actions.o
                0x0801c224                TWB_Sensors_Stop
 .text.__sensorsUpdateSensorSetting
                0x0801c290      0x144 Debug/snsr_commo.o
                0x0801c290                __sensorsUpdateSensorSetting
 .text.TWB_Sensors_HandleMessage
                0x0801c3d4      0x3cc Debug/snsr_commo.o
                0x0801c3d4                TWB_Sensors_HandleMessage
 .text.TWB_Sensors_QueueMsg
                0x0801c7a0      0x10c Debug/snsr_commo.o
                0x0801c7a0                TWB_Sensors_QueueMsg
 .text.__snsr_Configure_Timer
                0x0801c8ac       0x58 Debug/snsr_main.o
                0x0801c8ac                __snsr_Configure_Timer
 .text.__snsr_Configure_Incoming_IRQs
                0x0801c904       0xd4 Debug/snsr_main.o
                0x0801c904                __snsr_Configure_Incoming_IRQs
 .text.__initSensorData
                0x0801c9d8      0x114 Debug/snsr_main.o
                0x0801c9d8                __initSensorData
 .text.TWB_Sensors_Init
                0x0801caec      0x10c Debug/snsr_main.o
                0x0801caec                TWB_Sensors_Init
 .text.TWB_IMU_ProcessSensors
                0x0801cbf8      0x1c8 Debug/snsr_main.o
                0x0801cbf8                TWB_IMU_ProcessSensors
 .text.__addSensor
                0x0801cdc0       0xe0 Debug/snsr_mgmt.o
                0x0801cdc0                __addSensor
 .text.TWB_InitSensorArray
                0x0801cea0      0x418 Debug/snsr_mgmt.o
                0x0801cea0                TWB_InitSensorArray
 .text.__twb_sensorWriteCalComplete
                0x0801d2b8       0x20 Debug/snsr_zero.o
                0x0801d2b8                __twb_sensorWriteCalComplete
 .text.__twb_sensorCalComplete
                0x0801d2d8      0x194 Debug/snsr_zero.o
                0x0801d2d8                __twb_sensorCalComplete
 .text.TWB_Sensor_Calibrate
                0x0801d46c       0xc0 Debug/snsr_zero.o
                0x0801d46c                TWB_Sensor_Calibrate
 .text.__twb_Sensors_BeginZero
                0x0801d52c       0x98 Debug/snsr_zero.o
                0x0801d52c                __twb_Sensors_BeginZero
 .text.TWB_Sensors_Start_Zero
                0x0801d5c4       0x2c Debug/snsr_zero.o
                0x0801d5c4                TWB_Sensors_Start_Zero
 .text.TWB_Sensors_Zero
                0x0801d5f0      0x26c Debug/snsr_zero.o
                0x0801d5f0                TWB_Sensors_Zero
 .text.__sonar_initTimeBase
                0x0801d85c       0x58 Debug/sonar.o
                0x0801d85c                __sonar_initTimeBase
 .text.TWB_IMU_Sonar_Init
                0x0801d8b4      0x1d0 Debug/sonar.o
                0x0801d8b4                TWB_IMU_Sonar_Init
 .text.TWB_IMU_Sonar_Zero
                0x0801da84       0x14 Debug/sonar.o
                0x0801da84                TWB_IMU_Sonar_Zero
 .text.TWB_IMU_Sonar_ResetDefaults
                0x0801da98      0x10c Debug/sonar.o
                0x0801da98                TWB_IMU_Sonar_ResetDefaults
 .text.TWB_IMU_Sonar_UpdateSetting
                0x0801dba4       0xfc Debug/sonar.o
                0x0801dba4                TWB_IMU_Sonar_UpdateSetting
 .text.TWB_IMU_Sonar_Start
                0x0801dca0       0x18 Debug/sonar.o
                0x0801dca0                TWB_IMU_Sonar_Start
 .text.TWB_IMU_Sonar_Stop
                0x0801dcb8        0x8 Debug/sonar.o
                0x0801dcb8                TWB_IMU_Sonar_Stop
 .text.TWB_IMU_Sonar_Pause
                0x0801dcc0        0x8 Debug/sonar.o
                0x0801dcc0                TWB_IMU_Sonar_Pause
 .text.TWB_IMU_Sonar_Resume
                0x0801dcc8       0x18 Debug/sonar.o
                0x0801dcc8                TWB_IMU_Sonar_Resume
 .text.TWB_IMU_Sonar_Read
                0x0801dce0       0x5c Debug/sonar.o
                0x0801dce0                TWB_IMU_Sonar_Read
 .text.EXTI2_IRQHandler
                0x0801dd3c       0x74 Debug/sonar.o
                0x0801dd3c                EXTI2_IRQHandler
 .text.TWB_IMU_SONAR_ProcessData
                0x0801ddb0       0x80 Debug/sonar.o
                0x0801ddb0                TWB_IMU_SONAR_ProcessData
 .text.TWB_IMU_SONAR_SendDiag
                0x0801de30       0x74 Debug/sonar.o
                0x0801de30                TWB_IMU_SONAR_SendDiag
 .text.NMI_Handler
                0x0801dea4       0x30 Debug/stm32f4xx_it.o
                0x0801dea4                NMI_Handler
 .text.__sendChSync
                0x0801ded4       0x34 Debug/stm32f4xx_it.o
                0x0801ded4                __sendChSync
 .text.__printHexByteSync
                0x0801df08       0x44 Debug/stm32f4xx_it.o
                0x0801df08                __printHexByteSync
 .text.__printLongSync
                0x0801df4c       0x48 Debug/stm32f4xx_it.o
                0x0801df4c                __printLongSync
 .text.__printStrSync
                0x0801df94       0x30 Debug/stm32f4xx_it.o
                0x0801df94                __printStrSync
 .text.__printRegister
                0x0801dfc4       0x30 Debug/stm32f4xx_it.o
                0x0801dfc4                __printRegister
 .text.hard_fault_handler_c
                0x0801dff4      0x13c Debug/stm32f4xx_it.o
                0x0801dff4                hard_fault_handler_c
 .text.USART1_IRQHandler
                0x0801e130       0x50 Debug/stm32f4xx_it.o
                0x0801e130                USART1_IRQHandler
 .text.USART2_IRQHandler
                0x0801e180       0xf8 Debug/stm32f4xx_it.o
                0x0801e180                USART2_IRQHandler
 .text.EXTI0_IRQHandler
                0x0801e278        0x4 Debug/stm32f4xx_it.o
                0x0801e278                EXTI0_IRQHandler
 .text.EXTI1_IRQHandler
                0x0801e27c        0x4 Debug/stm32f4xx_it.o
                0x0801e27c                EXTI1_IRQHandler
 .text.EXTI4_IRQHandler
                0x0801e280       0x50 Debug/stm32f4xx_it.o
                0x0801e280                EXTI4_IRQHandler
 .text.EXTI9_5_IRQHandler
                0x0801e2d0      0x158 Debug/stm32f4xx_it.o
                0x0801e2d0                EXTI9_5_IRQHandler
 .text.EXTI15_10_IRQHandler
                0x0801e428      0x148 Debug/stm32f4xx_it.o
                0x0801e428                EXTI15_10_IRQHandler
 .text.RCC_IRQHandler
                0x0801e570       0x50 Debug/stm32f4xx_it.o
                0x0801e570                RCC_IRQHandler
 .text.SVC_Handler
                0x0801e5c0        0x4 Debug/stm32f4xx_it.o
                0x0801e5c0                SVC_Handler